Sep 25 03:37:34 ip-172-31-30-158 kernel: Linux version 4.14.290-217.505.amzn2.x86_64 (mockbuild@ip-10-0-54-84) (gcc version 7.3.1 20180712 (Red Hat 7.3.1-13) (GCC)) #1 SMP Wed Aug 10 09:52:16 UTC 2022
Sep 25 03:37:34 ip-172-31-30-158 kernel: Command line: BOOT_IMAGE=/boot/vmlinuz-4.14.290-217.505.amzn2.x86_64 root=UUID=d784ecf4-c440-404a-99f8-4958c6bdd438 ro console=tty0 console=ttyS0,115200n8 net.ifnames=0 biosdevname=0 nvme_core.io_timeout=4294967295 rd.emergency=poweroff rd.shell=0 LANG=en_US.UTF-8 KEYTABLE=us
Sep 25 03:37:34 ip-172-31-30-158 kernel: x86/fpu: Supporting XSAVE feature 0x001: 'x87 floating point registers'
Sep 25 03:37:34 ip-172-31-30-158 kernel: x86/fpu: Supporting XSAVE feature 0x002: 'SSE registers'
Sep 25 03:37:34 ip-172-31-30-158 kernel: x86/fpu: Supporting XSAVE feature 0x004: 'AVX registers'
Sep 25 03:37:34 ip-172-31-30-158 kernel: x86/fpu: xstate_offset[2]:  576, xstate_sizes[2]:  256
Sep 25 03:37:34 ip-172-31-30-158 kernel: x86/fpu: Enabled xstate features 0x7, context size is 832 bytes, using 'standard' format.
Sep 25 03:37:34 ip-172-31-30-158 kernel: e820: BIOS-provided physical RAM map:
Sep 25 03:37:34 ip-172-31-30-158 kernel: BIOS-e820: [mem 0x0000000000000000-0x000000000009dfff] usable
Sep 25 03:37:34 ip-172-31-30-158 kernel: BIOS-e820: [mem 0x000000000009e000-0x000000000009ffff] reserved
Sep 25 03:37:34 ip-172-31-30-158 kernel: BIOS-e820: [mem 0x00000000000e0000-0x00000000000fffff] reserved
Sep 25 03:37:34 ip-172-31-30-158 kernel: BIOS-e820: [mem 0x0000000000100000-0x000000003fffffff] usable
Sep 25 03:37:34 ip-172-31-30-158 kernel: BIOS-e820: [mem 0x00000000fc000000-0x00000000ffffffff] reserved
Sep 25 03:37:34 ip-172-31-30-158 kernel: NX (Execute Disable) protection: active
Sep 25 03:37:34 ip-172-31-30-158 kernel: SMBIOS 2.7 present.
Sep 25 03:37:34 ip-172-31-30-158 kernel: DMI: Xen HVM domU, BIOS 4.11.amazon 08/24/2006
Sep 25 03:37:34 ip-172-31-30-158 kernel: Hypervisor detected: Xen HVM
Sep 25 03:37:34 ip-172-31-30-158 kernel: Xen version 4.11.
Sep 25 03:37:34 ip-172-31-30-158 kernel: Netfront and the Xen platform PCI driver have been compiled for this kernel: unplug emulated NICs.
Sep 25 03:37:34 ip-172-31-30-158 kernel: Blkfront and the Xen platform PCI driver have been compiled for this kernel: unplug emulated disks.#012You might have to change the root device#012from /dev/hd[a-d] to /dev/xvd[a-d]#012in your root= kernel command line option
Sep 25 03:37:34 ip-172-31-30-158 kernel: tsc: Fast TSC calibration using PIT
Sep 25 03:37:34 ip-172-31-30-158 kernel: e820: last_pfn = 0x40000 max_arch_pfn = 0x400000000
Sep 25 03:37:34 ip-172-31-30-158 kernel: x86/PAT: Configuration [0-7]: WB  WC  UC- UC  WB  WP  UC- WT  
Sep 25 03:37:34 ip-172-31-30-158 kernel: found SMP MP-table at [mem 0x000fb9a0-0x000fb9af]
Sep 25 03:37:34 ip-172-31-30-158 kernel: Scanning 1 areas for low memory corruption
Sep 25 03:37:34 ip-172-31-30-158 kernel: RAMDISK: [mem 0x36bb3000-0x375d0fff]
Sep 25 03:37:34 ip-172-31-30-158 kernel: ACPI: Early table checksum verification disabled
Sep 25 03:37:34 ip-172-31-30-158 kernel: ACPI: RSDP 0x00000000000EA020 000024 (v02 Xen   )
Sep 25 03:37:34 ip-172-31-30-158 kernel: ACPI: XSDT 0x00000000FC00C780 000054 (v01 Xen    HVM      00000000 HVML 00000000)
Sep 25 03:37:34 ip-172-31-30-158 kernel: ACPI: FACP 0x00000000FC00C440 0000F4 (v04 Xen    HVM      00000000 HVML 00000000)
Sep 25 03:37:34 ip-172-31-30-158 kernel: ACPI: DSDT 0x00000000FC003940 008A7E (v02 Xen    HVM      00000000 INTL 20090123)
Sep 25 03:37:34 ip-172-31-30-158 kernel: ACPI: FACS 0x00000000FC003900 000040
Sep 25 03:37:34 ip-172-31-30-158 kernel: ACPI: FACS 0x00000000FC003900 000040
Sep 25 03:37:34 ip-172-31-30-158 kernel: ACPI: APIC 0x00000000FC00C540 0000D8 (v02 Xen    HVM      00000000 HVML 00000000)
Sep 25 03:37:34 ip-172-31-30-158 kernel: ACPI: HPET 0x00000000FC00C690 000038 (v01 Xen    HVM      00000000 HVML 00000000)
Sep 25 03:37:34 ip-172-31-30-158 kernel: ACPI: WAET 0x00000000FC00C6D0 000028 (v01 Xen    HVM      00000000 HVML 00000000)
Sep 25 03:37:34 ip-172-31-30-158 kernel: ACPI: SSDT 0x00000000FC00C700 000031 (v02 Xen    HVM      00000000 INTL 20090123)
Sep 25 03:37:34 ip-172-31-30-158 kernel: ACPI: SSDT 0x00000000FC00C740 000033 (v02 Xen    HVM      00000000 INTL 20090123)
Sep 25 03:37:34 ip-172-31-30-158 kernel: ACPI: Reserving FACP table memory at [mem 0xfc00c440-0xfc00c533]
Sep 25 03:37:34 ip-172-31-30-158 kernel: ACPI: Reserving DSDT table memory at [mem 0xfc003940-0xfc00c3bd]
Sep 25 03:37:34 ip-172-31-30-158 kernel: ACPI: Reserving FACS table memory at [mem 0xfc003900-0xfc00393f]
Sep 25 03:37:34 ip-172-31-30-158 kernel: ACPI: Reserving FACS table memory at [mem 0xfc003900-0xfc00393f]
Sep 25 03:37:34 ip-172-31-30-158 kernel: ACPI: Reserving APIC table memory at [mem 0xfc00c540-0xfc00c617]
Sep 25 03:37:34 ip-172-31-30-158 kernel: ACPI: Reserving HPET table memory at [mem 0xfc00c690-0xfc00c6c7]
Sep 25 03:37:34 ip-172-31-30-158 kernel: ACPI: Reserving WAET table memory at [mem 0xfc00c6d0-0xfc00c6f7]
Sep 25 03:37:34 ip-172-31-30-158 kernel: ACPI: Reserving SSDT table memory at [mem 0xfc00c700-0xfc00c730]
Sep 25 03:37:34 ip-172-31-30-158 kernel: ACPI: Reserving SSDT table memory at [mem 0xfc00c740-0xfc00c772]
Sep 25 03:37:34 ip-172-31-30-158 kernel: No NUMA configuration found
Sep 25 03:37:34 ip-172-31-30-158 kernel: Faking a node at [mem 0x0000000000000000-0x000000003fffffff]
Sep 25 03:37:34 ip-172-31-30-158 kernel: NODE_DATA(0) allocated [mem 0x3ffde000-0x3fffffff]
Sep 25 03:37:34 ip-172-31-30-158 kernel: Zone ranges:
Sep 25 03:37:34 ip-172-31-30-158 kernel:  DMA      [mem 0x0000000000001000-0x0000000000ffffff]
Sep 25 03:37:34 ip-172-31-30-158 kernel:  DMA32    [mem 0x0000000001000000-0x000000003fffffff]
Sep 25 03:37:34 ip-172-31-30-158 kernel:  Normal   empty
Sep 25 03:37:34 ip-172-31-30-158 kernel: Movable zone start for each node
Sep 25 03:37:34 ip-172-31-30-158 kernel: Early memory node ranges
Sep 25 03:37:34 ip-172-31-30-158 kernel:  node   0: [mem 0x0000000000001000-0x000000000009dfff]
Sep 25 03:37:34 ip-172-31-30-158 kernel:  node   0: [mem 0x0000000000100000-0x000000003fffffff]
Sep 25 03:37:34 ip-172-31-30-158 kernel: Initmem setup node 0 [mem 0x0000000000001000-0x000000003fffffff]
Sep 25 03:37:34 ip-172-31-30-158 kernel: ACPI: PM-Timer IO Port: 0xb008
Sep 25 03:37:34 ip-172-31-30-158 kernel: IOAPIC[0]: apic_id 1, version 17, address 0xfec00000, GSI 0-47
Sep 25 03:37:34 ip-172-31-30-158 kernel: ACPI: INT_SRC_OVR (bus 0 bus_irq 0 global_irq 2 dfl dfl)
Sep 25 03:37:34 ip-172-31-30-158 kernel: ACPI: INT_SRC_OVR (bus 0 bus_irq 5 global_irq 5 low level)
Sep 25 03:37:34 ip-172-31-30-158 kernel: ACPI: INT_SRC_OVR (bus 0 bus_irq 10 global_irq 10 low level)
Sep 25 03:37:34 ip-172-31-30-158 kernel: ACPI: INT_SRC_OVR (bus 0 bus_irq 11 global_irq 11 low level)
Sep 25 03:37:34 ip-172-31-30-158 kernel: Using ACPI (MADT) for SMP configuration information
Sep 25 03:37:34 ip-172-31-30-158 kernel: ACPI: HPET id: 0x8086a201 base: 0xfed00000
Sep 25 03:37:34 ip-172-31-30-158 kernel: TSC deadline timer available
Sep 25 03:37:34 ip-172-31-30-158 kernel: smpboot: Allowing 15 CPUs, 14 hotplug CPUs
Sep 25 03:37:34 ip-172-31-30-158 kernel: PM: Registered nosave memory: [mem 0x00000000-0x00000fff]
Sep 25 03:37:34 ip-172-31-30-158 kernel: PM: Registered nosave memory: [mem 0x0009e000-0x0009ffff]
Sep 25 03:37:34 ip-172-31-30-158 kernel: PM: Registered nosave memory: [mem 0x000a0000-0x000dffff]
Sep 25 03:37:34 ip-172-31-30-158 kernel: PM: Registered nosave memory: [mem 0x000e0000-0x000fffff]
Sep 25 03:37:34 ip-172-31-30-158 kernel: e820: [mem 0x40000000-0xfbffffff] available for PCI devices
Sep 25 03:37:34 ip-172-31-30-158 kernel: Booting paravirtualized kernel on Xen HVM
Sep 25 03:37:34 ip-172-31-30-158 kernel: clocksource: refined-jiffies: mask: 0xffffffff max_cycles: 0xffffffff, max_idle_ns: 7645519600211568 ns
Sep 25 03:37:34 ip-172-31-30-158 kernel: setup_percpu: NR_CPUS:8192 nr_cpumask_bits:15 nr_cpu_ids:15 nr_node_ids:1
Sep 25 03:37:34 ip-172-31-30-158 kernel: percpu: Embedded 49 pages/cpu s161688 r8192 d30824 u262144
Sep 25 03:37:34 ip-172-31-30-158 kernel: PV qspinlock hash table entries: 256 (order: 0, 4096 bytes)
Sep 25 03:37:34 ip-172-31-30-158 kernel: Fallback order for Node 0: 0 
Sep 25 03:37:34 ip-172-31-30-158 kernel: Built 1 zonelists, mobility grouping on.  Total pages: 257928
Sep 25 03:37:34 ip-172-31-30-158 kernel: Policy zone: DMA32
Sep 25 03:37:34 ip-172-31-30-158 kernel: Kernel command line: BOOT_IMAGE=/boot/vmlinuz-4.14.290-217.505.amzn2.x86_64 root=UUID=d784ecf4-c440-404a-99f8-4958c6bdd438 ro console=tty0 console=ttyS0,115200n8 net.ifnames=0 biosdevname=0 nvme_core.io_timeout=4294967295 rd.emergency=poweroff rd.shell=0 LANG=en_US.UTF-8 KEYTABLE=us
Sep 25 03:37:34 ip-172-31-30-158 kernel: PID hash table entries: 4096 (order: 3, 32768 bytes)
Sep 25 03:37:34 ip-172-31-30-158 kernel: Memory: 990176K/1048180K available (10252K kernel code, 2143K rwdata, 3036K rodata, 2224K init, 4244K bss, 58004K reserved, 0K cma-reserved)
Sep 25 03:37:34 ip-172-31-30-158 kernel: SLUB: HWalign=64, Order=0-3, MinObjects=0, CPUs=15, Nodes=1
Sep 25 03:37:34 ip-172-31-30-158 kernel: Kernel/User page tables isolation: enabled
Sep 25 03:37:34 ip-172-31-30-158 kernel: ftrace: allocating 30152 entries in 118 pages
Sep 25 03:37:34 ip-172-31-30-158 kernel: Hierarchical RCU implementation.
Sep 25 03:37:34 ip-172-31-30-158 kernel: #011RCU restricting CPUs from NR_CPUS=8192 to nr_cpu_ids=15.
Sep 25 03:37:34 ip-172-31-30-158 kernel: RCU: Adjusting geometry for rcu_fanout_leaf=16, nr_cpu_ids=15
Sep 25 03:37:34 ip-172-31-30-158 kernel: NR_IRQS: 524544, nr_irqs: 952, preallocated irqs: 16
Sep 25 03:37:34 ip-172-31-30-158 kernel: xen:events: Using 2-level ABI
Sep 25 03:37:34 ip-172-31-30-158 kernel: xen:events: Xen HVM callback vector for event delivery is enabled
Sep 25 03:37:34 ip-172-31-30-158 kernel: random: crng init done
Sep 25 03:37:34 ip-172-31-30-158 kernel: Console: colour VGA+ 80x25
Sep 25 03:37:34 ip-172-31-30-158 kernel: console [tty0] enabled
Sep 25 03:37:34 ip-172-31-30-158 kernel: Cannot get hvm parameter CONSOLE_EVTCHN (18): -22!
Sep 25 03:37:34 ip-172-31-30-158 kernel: console [ttyS0] enabled
Sep 25 03:37:34 ip-172-31-30-158 kernel: clocksource: hpet: mask: 0xffffffff max_cycles: 0xffffffff, max_idle_ns: 30580167144 ns
Sep 25 03:37:34 ip-172-31-30-158 kernel: tsc: Fast TSC calibration using PIT
Sep 25 03:37:34 ip-172-31-30-158 kernel: tsc: Detected 2399.988 MHz processor
Sep 25 03:37:34 ip-172-31-30-158 kernel: Calibrating delay loop (skipped), value calculated using timer frequency.. 4800.01 BogoMIPS (lpj=9600024)
Sep 25 03:37:34 ip-172-31-30-158 kernel: pid_max: default: 32768 minimum: 301
Sep 25 03:37:34 ip-172-31-30-158 kernel: ACPI: Core revision 20170728
Sep 25 03:37:34 ip-172-31-30-158 kernel: ACPI: 3 ACPI AML tables successfully acquired and loaded
Sep 25 03:37:34 ip-172-31-30-158 kernel: Security Framework initialized
Sep 25 03:37:34 ip-172-31-30-158 kernel: Yama: becoming mindful.
Sep 25 03:37:34 ip-172-31-30-158 kernel: SELinux:  Initializing.
Sep 25 03:37:34 ip-172-31-30-158 kernel: Dentry cache hash table entries: 131072 (order: 8, 1048576 bytes)
Sep 25 03:37:34 ip-172-31-30-158 kernel: Inode-cache hash table entries: 65536 (order: 7, 524288 bytes)
Sep 25 03:37:34 ip-172-31-30-158 kernel: Mount-cache hash table entries: 2048 (order: 2, 16384 bytes)
Sep 25 03:37:34 ip-172-31-30-158 kernel: Mountpoint-cache hash table entries: 2048 (order: 2, 16384 bytes)
Sep 25 03:37:34 ip-172-31-30-158 kernel: Last level iTLB entries: 4KB 1024, 2MB 1024, 4MB 1024
Sep 25 03:37:34 ip-172-31-30-158 kernel: Last level dTLB entries: 4KB 1024, 2MB 1024, 4MB 1024, 1GB 4
Sep 25 03:37:34 ip-172-31-30-158 kernel: Spectre V1 : Mitigation: usercopy/swapgs barriers and __user pointer sanitization
Sep 25 03:37:34 ip-172-31-30-158 kernel: Spectre V2 : Mitigation: Retpolines
Sep 25 03:37:34 ip-172-31-30-158 kernel: Spectre V2 : Spectre v2 / SpectreRSB mitigation: Filling RSB on context switch
Sep 25 03:37:34 ip-172-31-30-158 kernel: Speculative Store Bypass: Vulnerable
Sep 25 03:37:34 ip-172-31-30-158 kernel: MDS: Vulnerable: Clear CPU buffers attempted, no microcode
Sep 25 03:37:34 ip-172-31-30-158 kernel: MMIO Stale Data: Vulnerable: Clear CPU buffers attempted, no microcode
Sep 25 03:37:34 ip-172-31-30-158 kernel: smpboot: Max logical packages: 15
Sep 25 03:37:34 ip-172-31-30-158 kernel: x2apic: IRQ remapping doesn't support X2APIC mode
Sep 25 03:37:34 ip-172-31-30-158 kernel: Switched APIC routing to physical flat.
Sep 25 03:37:34 ip-172-31-30-158 kernel: ..TIMER: vector=0x30 apic1=0 pin1=2 apic2=0 pin2=0
Sep 25 03:37:34 ip-172-31-30-158 kernel: clocksource: xen: mask: 0xffffffffffffffff max_cycles: 0x1cd42e4dffb, max_idle_ns: 881590591483 ns
Sep 25 03:37:34 ip-172-31-30-158 kernel: installing Xen timer for CPU 0
Sep 25 03:37:34 ip-172-31-30-158 kernel: smpboot: CPU0: Intel(R) Xeon(R) CPU E5-2676 v3 @ 2.40GHz (family: 0x6, model: 0x3f, stepping: 0x2)
Sep 25 03:37:34 ip-172-31-30-158 kernel: cpu 0 spinlock event irq 53
Sep 25 03:37:34 ip-172-31-30-158 kernel: Performance Events: unsupported p6 CPU model 63 no PMU driver, software events only.
Sep 25 03:37:34 ip-172-31-30-158 kernel: Hierarchical SRCU implementation.
Sep 25 03:37:34 ip-172-31-30-158 kernel: NMI watchdog: Perf event create on CPU 0 failed with -2
Sep 25 03:37:34 ip-172-31-30-158 kernel: NMI watchdog: Perf NMI watchdog permanently disabled
Sep 25 03:37:34 ip-172-31-30-158 kernel: smp: Bringing up secondary CPUs ...
Sep 25 03:37:34 ip-172-31-30-158 kernel: smp: Brought up 1 node, 1 CPU
Sep 25 03:37:34 ip-172-31-30-158 kernel: smpboot: Total of 1 processors activated (4800.01 BogoMIPS)
Sep 25 03:37:34 ip-172-31-30-158 kernel: devtmpfs: initialized
Sep 25 03:37:34 ip-172-31-30-158 kernel: x86/mm: Memory block size: 128MB
Sep 25 03:37:34 ip-172-31-30-158 kernel: clocksource: jiffies: mask: 0xffffffff max_cycles: 0xffffffff, max_idle_ns: 7645041785100000 ns
Sep 25 03:37:34 ip-172-31-30-158 kernel: futex hash table entries: 4096 (order: 6, 262144 bytes)
Sep 25 03:37:34 ip-172-31-30-158 kernel: NET: Registered protocol family 16
Sep 25 03:37:34 ip-172-31-30-158 kernel: cpuidle: using governor ladder
Sep 25 03:37:34 ip-172-31-30-158 kernel: cpuidle: using governor menu
Sep 25 03:37:34 ip-172-31-30-158 kernel: ACPI: bus type PCI registered
Sep 25 03:37:34 ip-172-31-30-158 kernel: acpiphp: ACPI Hot Plug PCI Controller Driver version: 0.5
Sep 25 03:37:34 ip-172-31-30-158 kernel: PCI: Using configuration type 1 for base access
Sep 25 03:37:34 ip-172-31-30-158 kernel: HugeTLB registered 2.00 MiB page size, pre-allocated 0 pages
Sep 25 03:37:34 ip-172-31-30-158 kernel: ACPI: Added _OSI(Module Device)
Sep 25 03:37:34 ip-172-31-30-158 kernel: ACPI: Added _OSI(Processor Device)
Sep 25 03:37:34 ip-172-31-30-158 kernel: ACPI: Added _OSI(3.0 _SCP Extensions)
Sep 25 03:37:34 ip-172-31-30-158 kernel: ACPI: Added _OSI(Processor Aggregator Device)
Sep 25 03:37:34 ip-172-31-30-158 kernel: ACPI: Interpreter enabled
Sep 25 03:37:34 ip-172-31-30-158 kernel: ACPI: (supports S0 S4 S5)
Sep 25 03:37:34 ip-172-31-30-158 kernel: ACPI: Using IOAPIC for interrupt routing
Sep 25 03:37:34 ip-172-31-30-158 kernel: PCI: Using host bridge windows from ACPI; if necessary, use "pci=nocrs" and report a bug
Sep 25 03:37:34 ip-172-31-30-158 kernel: ACPI: Enabled 2 GPEs in block 00 to 0F
Sep 25 03:37:34 ip-172-31-30-158 kernel: ACPI: PCI Root Bridge [PCI0] (domain 0000 [bus 00-ff])
Sep 25 03:37:34 ip-172-31-30-158 kernel: acpi PNP0A03:00: _OSC: OS supports [ASPM ClockPM Segments MSI]
Sep 25 03:37:34 ip-172-31-30-158 kernel: acpi PNP0A03:00: _OSC failed (AE_NOT_FOUND); disabling ASPM
Sep 25 03:37:34 ip-172-31-30-158 kernel: acpi PNP0A03:00: fail to add MMCONFIG information, can't access extended PCI configuration space under this bridge.
Sep 25 03:37:34 ip-172-31-30-158 kernel: acpiphp: Slot [0] registered
Sep 25 03:37:34 ip-172-31-30-158 kernel: acpiphp: Slot [3] registered
Sep 25 03:37:34 ip-172-31-30-158 kernel: acpiphp: Slot [4] registered
Sep 25 03:37:34 ip-172-31-30-158 kernel: acpiphp: Slot [5] registered
Sep 25 03:37:34 ip-172-31-30-158 kernel: acpiphp: Slot [6] registered
Sep 25 03:37:34 ip-172-31-30-158 kernel: acpiphp: Slot [7] registered
Sep 25 03:37:34 ip-172-31-30-158 kernel: acpiphp: Slot [8] registered
Sep 25 03:37:34 ip-172-31-30-158 kernel: acpiphp: Slot [9] registered
Sep 25 03:37:34 ip-172-31-30-158 kernel: acpiphp: Slot [10] registered
Sep 25 03:37:34 ip-172-31-30-158 kernel: acpiphp: Slot [11] registered
Sep 25 03:37:34 ip-172-31-30-158 kernel: acpiphp: Slot [12] registered
Sep 25 03:37:34 ip-172-31-30-158 kernel: acpiphp: Slot [13] registered
Sep 25 03:37:34 ip-172-31-30-158 kernel: acpiphp: Slot [14] registered
Sep 25 03:37:34 ip-172-31-30-158 kernel: acpiphp: Slot [15] registered
Sep 25 03:37:34 ip-172-31-30-158 kernel: acpiphp: Slot [16] registered
Sep 25 03:37:34 ip-172-31-30-158 kernel: acpiphp: Slot [17] registered
Sep 25 03:37:34 ip-172-31-30-158 kernel: acpiphp: Slot [18] registered
Sep 25 03:37:34 ip-172-31-30-158 kernel: acpiphp: Slot [19] registered
Sep 25 03:37:34 ip-172-31-30-158 kernel: acpiphp: Slot [20] registered
Sep 25 03:37:34 ip-172-31-30-158 kernel: acpiphp: Slot [21] registered
Sep 25 03:37:34 ip-172-31-30-158 kernel: acpiphp: Slot [22] registered
Sep 25 03:37:34 ip-172-31-30-158 kernel: acpiphp: Slot [23] registered
Sep 25 03:37:34 ip-172-31-30-158 kernel: acpiphp: Slot [24] registered
Sep 25 03:37:34 ip-172-31-30-158 kernel: acpiphp: Slot [25] registered
Sep 25 03:37:34 ip-172-31-30-158 kernel: acpiphp: Slot [26] registered
Sep 25 03:37:34 ip-172-31-30-158 kernel: acpiphp: Slot [27] registered
Sep 25 03:37:34 ip-172-31-30-158 kernel: acpiphp: Slot [28] registered
Sep 25 03:37:34 ip-172-31-30-158 kernel: acpiphp: Slot [29] registered
Sep 25 03:37:34 ip-172-31-30-158 kernel: acpiphp: Slot [30] registered
Sep 25 03:37:34 ip-172-31-30-158 kernel: acpiphp: Slot [31] registered
Sep 25 03:37:34 ip-172-31-30-158 kernel: PCI host bridge to bus 0000:00
Sep 25 03:37:34 ip-172-31-30-158 kernel: pci_bus 0000:00: root bus resource [io  0x0000-0x0cf7 window]
Sep 25 03:37:34 ip-172-31-30-158 kernel: pci_bus 0000:00: root bus resource [io  0x0d00-0xffff window]
Sep 25 03:37:34 ip-172-31-30-158 kernel: pci_bus 0000:00: root bus resource [mem 0x000a0000-0x000bffff window]
Sep 25 03:37:34 ip-172-31-30-158 kernel: pci_bus 0000:00: root bus resource [mem 0xf0000000-0xfbffffff window]
Sep 25 03:37:34 ip-172-31-30-158 kernel: pci_bus 0000:00: root bus resource [bus 00-ff]
Sep 25 03:37:34 ip-172-31-30-158 kernel: pci 0000:00:01.1: legacy IDE quirk: reg 0x10: [io  0x01f0-0x01f7]
Sep 25 03:37:34 ip-172-31-30-158 kernel: pci 0000:00:01.1: legacy IDE quirk: reg 0x14: [io  0x03f6]
Sep 25 03:37:34 ip-172-31-30-158 kernel: pci 0000:00:01.1: legacy IDE quirk: reg 0x18: [io  0x0170-0x0177]
Sep 25 03:37:34 ip-172-31-30-158 kernel: pci 0000:00:01.1: legacy IDE quirk: reg 0x1c: [io  0x0376]
Sep 25 03:37:34 ip-172-31-30-158 kernel: * Found PM-Timer Bug on the chipset. Due to workarounds for a bug,#012* this clock source is slow. Consider trying other clock sources
Sep 25 03:37:34 ip-172-31-30-158 kernel: pci 0000:00:01.3: quirk: [io  0xb000-0xb03f] claimed by PIIX4 ACPI
Sep 25 03:37:34 ip-172-31-30-158 kernel: ACPI: PCI Interrupt Link [LNKA] (IRQs *5 10 11)
Sep 25 03:37:34 ip-172-31-30-158 kernel: ACPI: PCI Interrupt Link [LNKB] (IRQs 5 *10 11)
Sep 25 03:37:34 ip-172-31-30-158 kernel: ACPI: PCI Interrupt Link [LNKC] (IRQs 5 10 *11)
Sep 25 03:37:34 ip-172-31-30-158 kernel: ACPI: PCI Interrupt Link [LNKD] (IRQs *5 10 11)
Sep 25 03:37:34 ip-172-31-30-158 kernel: xen:balloon: Initialising balloon driver
Sep 25 03:37:34 ip-172-31-30-158 kernel: pci 0000:00:02.0: vgaarb: setting as boot VGA device
Sep 25 03:37:34 ip-172-31-30-158 kernel: pci 0000:00:02.0: vgaarb: VGA device added: decodes=io+mem,owns=io+mem,locks=none
Sep 25 03:37:34 ip-172-31-30-158 kernel: pci 0000:00:02.0: vgaarb: bridge control possible
Sep 25 03:37:34 ip-172-31-30-158 kernel: vgaarb: loaded
Sep 25 03:37:34 ip-172-31-30-158 kernel: EDAC MC: Ver: 3.0.0
Sep 25 03:37:34 ip-172-31-30-158 kernel: PCI: Using ACPI for IRQ routing
Sep 25 03:37:34 ip-172-31-30-158 kernel: NetLabel: Initializing
Sep 25 03:37:34 ip-172-31-30-158 kernel: NetLabel:  domain hash size = 128
Sep 25 03:37:34 ip-172-31-30-158 kernel: NetLabel:  protocols = UNLABELED CIPSOv4 CALIPSO
Sep 25 03:37:34 ip-172-31-30-158 kernel: NetLabel:  unlabeled traffic allowed by default
Sep 25 03:37:34 ip-172-31-30-158 kernel: HPET: 3 timers in total, 0 timers will be used for per-cpu timer
Sep 25 03:37:34 ip-172-31-30-158 kernel: hpet0: at MMIO 0xfed00000, IRQs 2, 8, 0
Sep 25 03:37:34 ip-172-31-30-158 kernel: hpet0: 3 comparators, 64-bit 62.500000 MHz counter
Sep 25 03:37:34 ip-172-31-30-158 kernel: clocksource: Switched to clocksource xen
Sep 25 03:37:34 ip-172-31-30-158 kernel: VFS: Disk quotas dquot_6.6.0
Sep 25 03:37:34 ip-172-31-30-158 kernel: VFS: Dquot-cache hash table entries: 512 (order 0, 4096 bytes)
Sep 25 03:37:34 ip-172-31-30-158 kernel: pnp: PnP ACPI init
Sep 25 03:37:34 ip-172-31-30-158 kernel: system 00:00: [mem 0x00000000-0x0009ffff] could not be reserved
Sep 25 03:37:34 ip-172-31-30-158 kernel: system 00:01: [io  0x08a0-0x08a3] has been reserved
Sep 25 03:37:34 ip-172-31-30-158 kernel: system 00:01: [io  0x0cc0-0x0ccf] has been reserved
Sep 25 03:37:34 ip-172-31-30-158 kernel: system 00:01: [io  0x04d0-0x04d1] has been reserved
Sep 25 03:37:34 ip-172-31-30-158 kernel: system 00:07: [io  0x10c0-0x1141] has been reserved
Sep 25 03:37:34 ip-172-31-30-158 kernel: system 00:07: [io  0xb044-0xb047] has been reserved
Sep 25 03:37:34 ip-172-31-30-158 kernel: pnp: PnP ACPI: found 8 devices
Sep 25 03:37:34 ip-172-31-30-158 kernel: clocksource: acpi_pm: mask: 0xffffff max_cycles: 0xffffff, max_idle_ns: 2085701024 ns
Sep 25 03:37:34 ip-172-31-30-158 kernel: NET: Registered protocol family 2
Sep 25 03:37:34 ip-172-31-30-158 kernel: IP idents hash table entries: 16384 (order: 5, 131072 bytes)
Sep 25 03:37:34 ip-172-31-30-158 kernel: TCP established hash table entries: 8192 (order: 4, 65536 bytes)
Sep 25 03:37:34 ip-172-31-30-158 kernel: TCP bind hash table entries: 8192 (order: 5, 131072 bytes)
Sep 25 03:37:34 ip-172-31-30-158 kernel: TCP: Hash tables configured (established 8192 bind 8192)
Sep 25 03:37:34 ip-172-31-30-158 kernel: UDP hash table entries: 512 (order: 2, 16384 bytes)
Sep 25 03:37:34 ip-172-31-30-158 kernel: UDP-Lite hash table entries: 512 (order: 2, 16384 bytes)
Sep 25 03:37:34 ip-172-31-30-158 kernel: NET: Registered protocol family 1
Sep 25 03:37:34 ip-172-31-30-158 kernel: pci 0000:00:00.0: Limiting direct PCI/PCI transfers
Sep 25 03:37:34 ip-172-31-30-158 kernel: pci 0000:00:01.0: PIIX3: Enabling Passive Release
Sep 25 03:37:34 ip-172-31-30-158 kernel: pci 0000:00:01.0: Activating ISA DMA hang workarounds
Sep 25 03:37:34 ip-172-31-30-158 kernel: pci 0000:00:02.0: Video device with shadowed ROM at [mem 0x000c0000-0x000dffff]
Sep 25 03:37:34 ip-172-31-30-158 kernel: Unpacking initramfs...
Sep 25 03:37:34 ip-172-31-30-158 kernel: Freeing initrd memory: 10360K
Sep 25 03:37:34 ip-172-31-30-158 kernel: Scanning for low memory corruption every 60 seconds
Sep 25 03:37:34 ip-172-31-30-158 kernel: audit: initializing netlink subsys (disabled)
Sep 25 03:37:34 ip-172-31-30-158 kernel: Initialise system trusted keyrings
Sep 25 03:37:34 ip-172-31-30-158 kernel: Key type blacklist registered
Sep 25 03:37:34 ip-172-31-30-158 kernel: audit: type=2000 audit(1664077053.473:1): state=initialized audit_enabled=0 res=1
Sep 25 03:37:34 ip-172-31-30-158 kernel: workingset: timestamp_bits=36 max_order=18 bucket_order=0
Sep 25 03:37:34 ip-172-31-30-158 kernel: zbud: loaded
Sep 25 03:37:34 ip-172-31-30-158 kernel: SGI XFS with ACLs, security attributes, no debug enabled
Sep 25 03:37:34 ip-172-31-30-158 kernel: Key type asymmetric registered
Sep 25 03:37:34 ip-172-31-30-158 kernel: Asymmetric key parser 'x509' registered
Sep 25 03:37:34 ip-172-31-30-158 kernel: Block layer SCSI generic (bsg) driver version 0.4 loaded (major 251)
Sep 25 03:37:34 ip-172-31-30-158 kernel: io scheduler noop registered (default)
Sep 25 03:37:34 ip-172-31-30-158 kernel: io scheduler cfq registered
Sep 25 03:37:34 ip-172-31-30-158 kernel: crc32: CRC_LE_BITS = 64, CRC_BE BITS = 64
Sep 25 03:37:34 ip-172-31-30-158 kernel: crc32: self tests passed, processed 225944 bytes in 161602 nsec
Sep 25 03:37:34 ip-172-31-30-158 kernel: crc32c: CRC_LE_BITS = 64
Sep 25 03:37:34 ip-172-31-30-158 kernel: crc32c: self tests passed, processed 225944 bytes in 80828 nsec
Sep 25 03:37:34 ip-172-31-30-158 kernel: crc32_combine: 8373 self tests passed
Sep 25 03:37:34 ip-172-31-30-158 kernel: crc32c_combine: 8373 self tests passed
Sep 25 03:37:34 ip-172-31-30-158 kernel: xen:grant_table: Grant tables using version 1 layout
Sep 25 03:37:34 ip-172-31-30-158 kernel: Grant table initialized
Sep 25 03:37:34 ip-172-31-30-158 kernel: Cannot get hvm parameter CONSOLE_EVTCHN (18): -22!
Sep 25 03:37:34 ip-172-31-30-158 kernel: Serial: 8250/16550 driver, 4 ports, IRQ sharing disabled
Sep 25 03:37:34 ip-172-31-30-158 kernel: 00:06: ttyS0 at I/O 0x3f8 (irq = 4, base_baud = 115200) is a 16550A
Sep 25 03:37:34 ip-172-31-30-158 kernel: xen_netfront: Initialising Xen virtual ethernet driver
Sep 25 03:37:34 ip-172-31-30-158 kernel: i8042: PNP: PS/2 Controller [PNP0303:PS2K,PNP0f13:PS2M] at 0x60,0x64 irq 1,12
Sep 25 03:37:34 ip-172-31-30-158 kernel: serio: i8042 KBD port at 0x60,0x64 irq 1
Sep 25 03:37:34 ip-172-31-30-158 kernel: serio: i8042 AUX port at 0x60,0x64 irq 12
Sep 25 03:37:34 ip-172-31-30-158 kernel: input: AT Translated Set 2 keyboard as /devices/platform/i8042/serio0/input/input0
Sep 25 03:37:34 ip-172-31-30-158 kernel: rtc_cmos 00:02: rtc core: registered rtc_cmos as rtc0
Sep 25 03:37:34 ip-172-31-30-158 kernel: rtc_cmos 00:02: alarms up to one day, 114 bytes nvram, hpet irqs
Sep 25 03:37:34 ip-172-31-30-158 kernel: hidraw: raw HID events driver (C) Jiri Kosina
Sep 25 03:37:34 ip-172-31-30-158 kernel: ip_tables: (C) 2000-2006 Netfilter Core Team
Sep 25 03:37:34 ip-172-31-30-158 kernel: NET: Registered protocol family 10
Sep 25 03:37:34 ip-172-31-30-158 kernel: Segment Routing with IPv6
Sep 25 03:37:34 ip-172-31-30-158 kernel: ip6_tables: (C) 2000-2006 Netfilter Core Team
Sep 25 03:37:34 ip-172-31-30-158 kernel: NET: Registered protocol family 17
Sep 25 03:37:34 ip-172-31-30-158 kernel: mce: Using 2 MCE banks
Sep 25 03:37:34 ip-172-31-30-158 kernel: sched_clock: Marking stable (1309178936, 0)->(2703521380, -1394342444)
Sep 25 03:37:34 ip-172-31-30-158 kernel: registered taskstats version 1
Sep 25 03:37:34 ip-172-31-30-158 kernel: Loading compiled-in X.509 certificates
Sep 25 03:37:34 ip-172-31-30-158 kernel: Loaded X.509 cert 'Build time autogenerated kernel key: 35a379c628e28b3ae1a3b4b2183b276ef4b7d40f'
Sep 25 03:37:34 ip-172-31-30-158 kernel: zswap: loaded using pool lzo/zbud
Sep 25 03:37:34 ip-172-31-30-158 kernel: ima: No TPM chip found, activating TPM-bypass! (rc=-19)
Sep 25 03:37:34 ip-172-31-30-158 kernel: ima: Allocated hash algorithm: sha1
Sep 25 03:37:34 ip-172-31-30-158 kernel: xenbus_probe_frontend: Device with no driver: device/vbd/51712
Sep 25 03:37:34 ip-172-31-30-158 kernel: rtc_cmos 00:02: setting system clock to 2022-09-25 03:37:34 UTC (1664077054)
Sep 25 03:37:34 ip-172-31-30-158 kernel: Freeing unused kernel memory: 2224K
Sep 25 03:37:34 ip-172-31-30-158 kernel: Write protecting the kernel read-only data: 16384k
Sep 25 03:37:34 ip-172-31-30-158 kernel: Freeing unused kernel memory: 2016K
Sep 25 03:37:34 ip-172-31-30-158 kernel: Freeing unused kernel memory: 1060K
Sep 25 03:37:34 ip-172-31-30-158 systemd[1]: Inserted module 'autofs4'
Sep 25 03:37:34 ip-172-31-30-158 systemd[1]: systemd 219 running in system mode. (+PAM +AUDIT +SELINUX +IMA -APPARMOR +SMACK +SYSVINIT +UTMP +LIBCRYPTSETUP +GCRYPT +GNUTLS +ACL +XZ +LZ4 -SECCOMP +BLKID +ELFUTILS +KMOD +IDN)
Sep 25 03:37:34 ip-172-31-30-158 systemd[1]: Detected virtualization xen.
Sep 25 03:37:34 ip-172-31-30-158 systemd[1]: Detected architecture x86-64.
Sep 25 03:37:34 ip-172-31-30-158 systemd[1]: Running in initial RAM disk.
Sep 25 03:37:34 ip-172-31-30-158 systemd[1]: No hostname configured.
Sep 25 03:37:34 ip-172-31-30-158 systemd[1]: Set hostname to <localhost>.
Sep 25 03:37:34 ip-172-31-30-158 systemd[1]: Initializing machine ID from random generator.
Sep 25 03:37:34 ip-172-31-30-158 systemd[1]: Reached target Timers.
Sep 25 03:37:34 ip-172-31-30-158 systemd[1]: Reached target Local File Systems.
Sep 25 03:37:34 ip-172-31-30-158 systemd[1]: Started Dispatch Password Requests to Console Directory Watch.
Sep 25 03:37:34 ip-172-31-30-158 journal: Journal started
Sep 25 03:37:34 ip-172-31-30-158 systemd: Started Create list of required static device nodes for the current kernel.
Sep 25 03:37:34 ip-172-31-30-158 systemd: Started Apply Kernel Variables.
Sep 25 03:37:34 ip-172-31-30-158 systemd: Starting Create Static Device Nodes in /dev...
Sep 25 03:37:34 ip-172-31-30-158 systemd: Started Create Static Device Nodes in /dev.
Sep 25 03:37:34 ip-172-31-30-158 systemd: Starting udev Kernel Device Manager...
Sep 25 03:37:34 ip-172-31-30-158 systemd-udevd: starting version 219
Sep 25 03:37:34 ip-172-31-30-158 systemd-udevd: Network interface NamePolicy= disabled on kernel command line, ignoring.
Sep 25 03:37:34 ip-172-31-30-158 systemd: Started udev Kernel Device Manager.
Sep 25 03:37:34 ip-172-31-30-158 systemd: Starting dracut pre-trigger hook...
Sep 25 03:37:34 ip-172-31-30-158 systemd: Started dracut pre-trigger hook.
Sep 25 03:37:34 ip-172-31-30-158 systemd: Starting udev Coldplug all Devices...
Sep 25 03:37:34 ip-172-31-30-158 kernel: tsc: Refined TSC clocksource calibration: 2400.023 MHz
Sep 25 03:37:34 ip-172-31-30-158 kernel: clocksource: tsc: mask: 0xffffffffffffffff max_cycles: 0x22984d170dd, max_idle_ns: 440795253189 ns
Sep 25 03:37:34 ip-172-31-30-158 systemd-udevd: Network interface NamePolicy= disabled on kernel command line, ignoring.
Sep 25 03:37:34 ip-172-31-30-158 systemd: Started udev Coldplug all Devices.
Sep 25 03:37:34 ip-172-31-30-158 systemd: Reached target System Initialization.
Sep 25 03:37:34 ip-172-31-30-158 systemd: Reached target Basic System.
Sep 25 03:37:34 ip-172-31-30-158 systemd: Starting dracut initqueue hook...
Sep 25 03:37:35 ip-172-31-30-158 kernel: SCSI subsystem initialized
Sep 25 03:37:35 ip-172-31-30-158 kernel: Invalid max_queues (4), will use default max: 1.
Sep 25 03:37:35 ip-172-31-30-158 kernel: scsi host0: ata_piix
Sep 25 03:37:35 ip-172-31-30-158 kernel: scsi host1: ata_piix
Sep 25 03:37:35 ip-172-31-30-158 kernel: ata1: PATA max MWDMA2 cmd 0x1f0 ctl 0x3f6 bmdma 0xc100 irq 14
Sep 25 03:37:35 ip-172-31-30-158 kernel: ata2: PATA max MWDMA2 cmd 0x170 ctl 0x376 bmdma 0xc108 irq 15
Sep 25 03:37:35 ip-172-31-30-158 kernel: blkfront: xvda: barrier or flush: disabled; persistent grants: disabled; indirect descriptors: enabled; bounce buffer: disabled;
Sep 25 03:37:35 ip-172-31-30-158 kernel: xvda: xvda1
Sep 25 03:37:35 ip-172-31-30-158 systemd: Found device /dev/disk/by-uuid/d784ecf4-c440-404a-99f8-4958c6bdd438.
Sep 25 03:37:35 ip-172-31-30-158 systemd: Starting File System Check on /dev/disk/by-uuid/d784ecf4-c440-404a-99f8-4958c6bdd438...
Sep 25 03:37:35 ip-172-31-30-158 systemd-fsck: fsck.xfs doesn't exist, not checking file system on /dev/disk/by-uuid/d784ecf4-c440-404a-99f8-4958c6bdd438
Sep 25 03:37:35 ip-172-31-30-158 systemd: Started File System Check on /dev/disk/by-uuid/d784ecf4-c440-404a-99f8-4958c6bdd438.
Sep 25 03:37:35 ip-172-31-30-158 systemd: Started dracut initqueue hook.
Sep 25 03:37:35 ip-172-31-30-158 systemd: Reached target Remote File Systems (Pre).
Sep 25 03:37:35 ip-172-31-30-158 systemd: Reached target Remote File Systems.
Sep 25 03:37:35 ip-172-31-30-158 systemd: Mounting /sysroot...
Sep 25 03:37:35 ip-172-31-30-158 kernel: XFS (xvda1): Mounting V5 Filesystem
Sep 25 03:37:36 ip-172-31-30-158 kernel: XFS (xvda1): Ending clean mount
Sep 25 03:37:36 ip-172-31-30-158 systemd: Mounted /sysroot.
Sep 25 03:37:36 ip-172-31-30-158 systemd: Reached target Initrd Root File System.
Sep 25 03:37:36 ip-172-31-30-158 systemd: Starting Reload Configuration from the Real Root...
Sep 25 03:37:36 ip-172-31-30-158 systemd: Reloading.
Sep 25 03:37:36 ip-172-31-30-158 systemd: Started Reload Configuration from the Real Root.
Sep 25 03:37:36 ip-172-31-30-158 systemd: Reached target Initrd File Systems.
Sep 25 03:37:36 ip-172-31-30-158 systemd: Reached target Initrd Default Target.
Sep 25 03:37:36 ip-172-31-30-158 systemd: Starting dracut pre-pivot and cleanup hook...
Sep 25 03:37:37 ip-172-31-30-158 systemd: Started dracut pre-pivot and cleanup hook.
Sep 25 03:37:37 ip-172-31-30-158 systemd: Starting Cleaning Up and Shutting Down Daemons...
Sep 25 03:37:37 ip-172-31-30-158 systemd: Started Cleaning Up and Shutting Down Daemons.
Sep 25 03:37:37 ip-172-31-30-158 systemd: Stopped target Timers.
Sep 25 03:37:37 ip-172-31-30-158 systemd: Stopped dracut pre-pivot and cleanup hook.
Sep 25 03:37:37 ip-172-31-30-158 systemd: Stopped target Remote File Systems.
Sep 25 03:37:37 ip-172-31-30-158 systemd: Stopped target Initrd Default Target.
Sep 25 03:37:37 ip-172-31-30-158 systemd: Stopped target Basic System.
Sep 25 03:37:37 ip-172-31-30-158 systemd: Stopped target Sockets.
Sep 25 03:37:37 ip-172-31-30-158 systemd: Stopped target System Initialization.
Sep 25 03:37:37 ip-172-31-30-158 systemd: Stopped Apply Kernel Variables.
Sep 25 03:37:37 ip-172-31-30-158 systemd: Stopped target Local File Systems.
Sep 25 03:37:37 ip-172-31-30-158 systemd: Stopped target Swap.
Sep 25 03:37:37 ip-172-31-30-158 systemd: Stopped target Slices.
Sep 25 03:37:37 ip-172-31-30-158 systemd: Stopped target Remote File Systems (Pre).
Sep 25 03:37:37 ip-172-31-30-158 systemd: Stopped dracut initqueue hook.
Sep 25 03:37:37 ip-172-31-30-158 systemd: Stopped udev Coldplug all Devices.
Sep 25 03:37:37 ip-172-31-30-158 systemd: Stopped dracut pre-trigger hook.
Sep 25 03:37:37 ip-172-31-30-158 systemd: Stopped target Paths.
Sep 25 03:37:37 ip-172-31-30-158 systemd: Stopped Dispatch Password Requests to Console Directory Watch.
Sep 25 03:37:37 ip-172-31-30-158 systemd: Stopping udev Kernel Device Manager...
Sep 25 03:37:37 ip-172-31-30-158 systemd: Stopped udev Kernel Device Manager.
Sep 25 03:37:37 ip-172-31-30-158 systemd: Stopped Create Static Device Nodes in /dev.
Sep 25 03:37:37 ip-172-31-30-158 systemd: Stopped Create list of required static device nodes for the current kernel.
Sep 25 03:37:37 ip-172-31-30-158 systemd: Closed udev Control Socket.
Sep 25 03:37:37 ip-172-31-30-158 systemd: Closed udev Kernel Socket.
Sep 25 03:37:37 ip-172-31-30-158 systemd: Starting Cleanup udevd DB...
Sep 25 03:37:37 ip-172-31-30-158 systemd: Started Cleanup udevd DB.
Sep 25 03:37:37 ip-172-31-30-158 systemd: Reached target Switch Root.
Sep 25 03:37:37 ip-172-31-30-158 systemd: Starting Switch Root...
Sep 25 03:37:37 ip-172-31-30-158 systemd: Switching root.
Sep 25 03:37:37 ip-172-31-30-158 journal: Journal stopped
Sep 25 03:37:37 ip-172-31-30-158 journal: Runtime journal is using 6.1M (max allowed 49.1M, trying to leave 73.6M free of 478.8M available â†’ current limit 49.1M).
Sep 25 03:37:37 ip-172-31-30-158 systemd-journald[969]: Received SIGTERM from PID 1 (systemd).
Sep 25 03:37:37 ip-172-31-30-158 kernel: systemd: 13 output lines suppressed due to ratelimiting
Sep 25 03:37:37 ip-172-31-30-158 kernel: SELinux:  Disabled at runtime.
Sep 25 03:37:37 ip-172-31-30-158 kernel: audit: type=1404 audit(1664077057.248:2): selinux=0 auid=4294967295 ses=4294967295
Sep 25 03:37:37 ip-172-31-30-158 journal: Journal started
Sep 25 03:37:37 ip-172-31-30-158 systemd: systemd 219 running in system mode. (+PAM +AUDIT +SELINUX +IMA -APPARMOR +SMACK +SYSVINIT +UTMP +LIBCRYPTSETUP +GCRYPT +GNUTLS +ACL +XZ +LZ4 -SECCOMP +BLKID +ELFUTILS +KMOD +IDN)
Sep 25 03:37:37 ip-172-31-30-158 systemd: Detected virtualization xen.
Sep 25 03:37:37 ip-172-31-30-158 systemd: Detected architecture x86-64.
Sep 25 03:37:37 ip-172-31-30-158 systemd: Set hostname to <ip-172-31-6-22.ec2.internal>.
Sep 25 03:37:37 ip-172-31-30-158 systemd: Cannot add dependency job for unit display-manager.service, ignoring: Unit not found.
Sep 25 03:37:37 ip-172-31-30-158 systemd: Started Create list of required static device nodes for the current kernel.
Sep 25 03:37:37 ip-172-31-30-158 systemd: Started Read and set NIS domainname from /etc/sysconfig/network.
Sep 25 03:37:37 ip-172-31-30-158 systemd: Started Remount Root and Kernel File Systems.
Sep 25 03:37:37 ip-172-31-30-158 systemd: Started Setup Virtual Console.
Sep 25 03:37:37 ip-172-31-30-158 systemd: Started LVM2 metadata daemon.
Sep 25 03:37:37 ip-172-31-30-158 systemd: Starting Configure read-only root support...
Sep 25 03:37:37 ip-172-31-30-158 systemd: Starting udev Coldplug all Devices...
Sep 25 03:37:37 ip-172-31-30-158 systemd: Starting Relabel kernel modules early in the boot, if needed...
Sep 25 03:37:37 ip-172-31-30-158 systemd: Starting Create Static Device Nodes in /dev...
Sep 25 03:37:37 ip-172-31-30-158 systemd: Starting Flush Journal to Persistent Storage...
Sep 25 03:37:37 ip-172-31-30-158 systemd: Started Configure read-only root support.
Sep 25 03:37:37 ip-172-31-30-158 systemd: Started Relabel kernel modules early in the boot, if needed.
Sep 25 03:37:37 ip-172-31-30-158 systemd: Started Create Static Device Nodes in /dev.
Sep 25 03:37:37 ip-172-31-30-158 systemd: Started udev Coldplug all Devices.
Sep 25 03:37:37 ip-172-31-30-158 systemd: Starting udev Wait for Complete Device Initialization...
Sep 25 03:37:37 ip-172-31-30-158 systemd: Starting udev Kernel Device Manager...
Sep 25 03:37:37 ip-172-31-30-158 systemd: Starting Load Kernel Modules...
Sep 25 03:37:37 ip-172-31-30-158 systemd-udevd: starting version 219
Sep 25 03:37:37 ip-172-31-30-158 systemd: Starting Load/Save Random Seed...
Sep 25 03:37:37 ip-172-31-30-158 systemd: Started Flush Journal to Persistent Storage.
Sep 25 03:37:37 ip-172-31-30-158 systemd-udevd: Network interface NamePolicy= disabled on kernel command line, ignoring.
Sep 25 03:37:37 ip-172-31-30-158 systemd: Started Load/Save Random Seed.
Sep 25 03:37:37 ip-172-31-30-158 systemd-modules-load: Inserted module 'ena'
Sep 25 03:37:37 ip-172-31-30-158 systemd: Started Load Kernel Modules.
Sep 25 03:37:37 ip-172-31-30-158 systemd: Starting Apply Kernel Variables...
Sep 25 03:37:37 ip-172-31-30-158 systemd: Started Apply Kernel Variables.
Sep 25 03:37:37 ip-172-31-30-158 systemd: Started udev Kernel Device Manager.
Sep 25 03:37:37 ip-172-31-30-158 systemd: Starting Show Plymouth Boot Screen...
Sep 25 03:37:37 ip-172-31-30-158 kernel: input: Power Button as /devices/LNXSYSTM:00/LNXPWRBN:00/input/input3
Sep 25 03:37:37 ip-172-31-30-158 kernel: ACPI: Power Button [PWRF]
Sep 25 03:37:37 ip-172-31-30-158 kernel: input: Sleep Button as /devices/LNXSYSTM:00/LNXSLPBN:00/input/input4
Sep 25 03:37:37 ip-172-31-30-158 kernel: ACPI: Sleep Button [SLPF]
Sep 25 03:37:37 ip-172-31-30-158 systemd: Received SIGRTMIN+20 from PID 2331 (plymouthd).
Sep 25 03:37:37 ip-172-31-30-158 systemd: Started Show Plymouth Boot Screen.
Sep 25 03:37:37 ip-172-31-30-158 systemd: Started Forward Password Requests to Plymouth Directory Watch.
Sep 25 03:37:38 ip-172-31-30-158 systemd: Found device /dev/ttyS0.
Sep 25 03:37:38 ip-172-31-30-158 systemd: Created slice system-ec2net\x2difup.slice.
Sep 25 03:37:38 ip-172-31-30-158 systemd: Starting Relabel kernel modules early in the boot, if needed...
Sep 25 03:37:38 ip-172-31-30-158 kernel: input: ImExPS/2 Generic Explorer Mouse as /devices/platform/i8042/serio1/input/input5
Sep 25 03:37:38 ip-172-31-30-158 kernel: mousedev: PS/2 mouse device common for all mice
Sep 25 03:37:38 ip-172-31-30-158 systemd: Started Relabel kernel modules early in the boot, if needed.
Sep 25 03:37:38 ip-172-31-30-158 kernel: AVX2 version of gcm_enc/dec engaged.
Sep 25 03:37:38 ip-172-31-30-158 kernel: AES CTR mode by8 optimization enabled
Sep 25 03:37:38 ip-172-31-30-158 kernel: alg: No test for pcbc(aes) (pcbc-aes-aesni)
Sep 25 03:37:38 ip-172-31-30-158 kernel: EDAC sbridge:  Ver: 1.1.2 
Sep 25 03:37:38 ip-172-31-30-158 systemd: Started udev Wait for Complete Device Initialization.
Sep 25 03:37:38 ip-172-31-30-158 systemd: Starting Activation of DM RAID sets...
Sep 25 03:37:38 ip-172-31-30-158 systemd: Started Monitoring of LVM2 mirrors, snapshots etc. using dmeventd or progress polling.
Sep 25 03:37:38 ip-172-31-30-158 systemd: Reached target Local File Systems (Pre).
Sep 25 03:37:38 ip-172-31-30-158 kernel: device-mapper: uevent: version 1.0.3
Sep 25 03:37:38 ip-172-31-30-158 kernel: device-mapper: ioctl: 4.37.0-ioctl (2017-09-20) initialised: dm-devel@redhat.com
Sep 25 03:37:38 ip-172-31-30-158 systemd: Started Activation of DM RAID sets.
Sep 25 03:37:38 ip-172-31-30-158 systemd: Reached target Local Encrypted Volumes.
Sep 25 03:37:38 ip-172-31-30-158 systemd: Reached target Local File Systems.
Sep 25 03:37:38 ip-172-31-30-158 systemd: Starting Tell Plymouth To Write Out Runtime Data...
Sep 25 03:37:38 ip-172-31-30-158 systemd: Starting Create Volatile Files and Directories...
Sep 25 03:37:38 ip-172-31-30-158 systemd: Starting Preprocess NFS configuration...
Sep 25 03:37:38 ip-172-31-30-158 systemd: Started Preprocess NFS configuration.
Sep 25 03:37:38 ip-172-31-30-158 systemd: Started Create Volatile Files and Directories.
Sep 25 03:37:38 ip-172-31-30-158 systemd: Starting Security Auditing Service...
Sep 25 03:37:38 ip-172-31-30-158 systemd: Mounting RPC Pipe File System...
Sep 25 03:37:38 ip-172-31-30-158 systemd: Started Tell Plymouth To Write Out Runtime Data.
Sep 25 03:37:38 ip-172-31-30-158 kernel: RPC: Registered named UNIX socket transport module.
Sep 25 03:37:38 ip-172-31-30-158 kernel: RPC: Registered udp transport module.
Sep 25 03:37:38 ip-172-31-30-158 kernel: RPC: Registered tcp transport module.
Sep 25 03:37:38 ip-172-31-30-158 kernel: RPC: Registered tcp NFSv4.1 backchannel transport module.
Sep 25 03:37:38 ip-172-31-30-158 systemd: Mounted RPC Pipe File System.
Sep 25 03:37:38 ip-172-31-30-158 systemd: Reached target rpc_pipefs.target.
Sep 25 03:37:38 ip-172-31-30-158 auditd[2468]: Started dispatcher: /sbin/audispd pid: 2471
Sep 25 03:37:38 ip-172-31-30-158 auditd[2468]: Init complete, auditd 2.8.1 listening for events (startup state enable)
Sep 25 03:37:38 ip-172-31-30-158 audispd: No plugins found, exiting
Sep 25 03:37:38 ip-172-31-30-158 augenrules: /sbin/augenrules: No change
Sep 25 03:37:38 ip-172-31-30-158 augenrules: No rules
Sep 25 03:37:38 ip-172-31-30-158 augenrules: enabled 1
Sep 25 03:37:38 ip-172-31-30-158 augenrules: failure 1
Sep 25 03:37:38 ip-172-31-30-158 augenrules: pid 2468
Sep 25 03:37:38 ip-172-31-30-158 augenrules: rate_limit 0
Sep 25 03:37:38 ip-172-31-30-158 augenrules: backlog_limit 8192
Sep 25 03:37:38 ip-172-31-30-158 augenrules: lost 0
Sep 25 03:37:38 ip-172-31-30-158 augenrules: backlog 1
Sep 25 03:37:38 ip-172-31-30-158 augenrules: backlog_wait_time 15000
Sep 25 03:37:38 ip-172-31-30-158 augenrules: enabled 1
Sep 25 03:37:38 ip-172-31-30-158 augenrules: failure 1
Sep 25 03:37:38 ip-172-31-30-158 augenrules: pid 2468
Sep 25 03:37:38 ip-172-31-30-158 augenrules: rate_limit 0
Sep 25 03:37:38 ip-172-31-30-158 augenrules: backlog_limit 8192
Sep 25 03:37:38 ip-172-31-30-158 augenrules: lost 0
Sep 25 03:37:38 ip-172-31-30-158 augenrules: backlog 1
Sep 25 03:37:38 ip-172-31-30-158 augenrules: backlog_wait_time 15000
Sep 25 03:37:38 ip-172-31-30-158 systemd: Started Security Auditing Service.
Sep 25 03:37:38 ip-172-31-30-158 systemd: Starting Update UTMP about System Boot/Shutdown...
Sep 25 03:37:38 ip-172-31-30-158 systemd: Started Update UTMP about System Boot/Shutdown.
Sep 25 03:37:38 ip-172-31-30-158 systemd: Reached target System Initialization.
Sep 25 03:37:38 ip-172-31-30-158 systemd: Started Flexible branding.
Sep 25 03:37:38 ip-172-31-30-158 systemd: Reached target Paths.
Sep 25 03:37:38 ip-172-31-30-158 systemd: Listening on RPCbind Server Activation Socket.
Sep 25 03:37:38 ip-172-31-30-158 systemd: Starting RPC bind service...
Sep 25 03:37:38 ip-172-31-30-158 systemd: Started Daily Cleanup of Temporary Directories.
Sep 25 03:37:38 ip-172-31-30-158 systemd: Reached target Timers.
Sep 25 03:37:38 ip-172-31-30-158 systemd: Listening on D-Bus System Message Bus Socket.
Sep 25 03:37:38 ip-172-31-30-158 systemd: Reached target Sockets.
Sep 25 03:37:38 ip-172-31-30-158 systemd: Reached target Basic System.
Sep 25 03:37:38 ip-172-31-30-158 systemd: Starting GSSAPI Proxy Daemon...
Sep 25 03:37:38 ip-172-31-30-158 systemd: Starting ACPI Event Daemon...
Sep 25 03:37:38 ip-172-31-30-158 systemd: Starting Resets System Activity Logs...
Sep 25 03:37:38 ip-172-31-30-158 systemd: Started irqbalance daemon.
Sep 25 03:37:38 ip-172-31-30-158 systemd: Started libstoragemgmt plug-in server daemon.
Sep 25 03:37:38 ip-172-31-30-158 systemd: Starting Dump dmesg to /var/log/dmesg...
Sep 25 03:37:38 ip-172-31-30-158 systemd: Started D-Bus System Message Bus.
Sep 25 03:37:38 ip-172-31-30-158 acpid: starting up with netlink and the input layer
Sep 25 03:37:38 ip-172-31-30-158 /usr/sbin/irqbalance: Balancing is ineffective on systems with a single cpu.  Shutting down
Sep 25 03:37:38 ip-172-31-30-158 acpid: skipping incomplete file /etc/acpi/events/videoconf
Sep 25 03:37:38 ip-172-31-30-158 acpid: 2 rules loaded
Sep 25 03:37:38 ip-172-31-30-158 acpid: waiting for events: event logging is off
Sep 25 03:37:38 ip-172-31-30-158 systemd: Starting Login Service...
Sep 25 03:37:38 ip-172-31-30-158 systemd: Starting NTP client/server...
Sep 25 03:37:38 ip-172-31-30-158 systemd: Starting Hardware RNG Entropy Gatherer Wake threshold service...
Sep 25 03:37:38 ip-172-31-30-158 systemd: Starting Initial cloud-init job (pre-networking)...
Sep 25 03:37:38 ip-172-31-30-158 systemd: Started RPC bind service.
Sep 25 03:37:38 ip-172-31-30-158 systemd: Started GSSAPI Proxy Daemon.
Sep 25 03:37:38 ip-172-31-30-158 systemd: Started ACPI Event Daemon.
Sep 25 03:37:38 ip-172-31-30-158 systemd: Started Resets System Activity Logs.
Sep 25 03:37:38 ip-172-31-30-158 systemd: Started Dump dmesg to /var/log/dmesg.
Sep 25 03:37:38 ip-172-31-30-158 systemd: Started Hardware RNG Entropy Gatherer Wake threshold service.
Sep 25 03:37:38 ip-172-31-30-158 systemd: Started Login Service.
Sep 25 03:37:38 ip-172-31-30-158 systemd-logind: New seat seat0.
Sep 25 03:37:38 ip-172-31-30-158 systemd: Started Hardware RNG Entropy Gatherer Daemon.
Sep 25 03:37:38 ip-172-31-30-158 systemd: Reached target NFS client services.
Sep 25 03:37:38 ip-172-31-30-158 systemd: Reached target Remote File Systems (Pre).
Sep 25 03:37:38 ip-172-31-30-158 systemd: Reached target Remote File Systems.
Sep 25 03:37:38 ip-172-31-30-158 chronyd[2522]: chronyd version 4.2 starting (+CMDMON +NTP +REFCLOCK +RTC +PRIVDROP +SCFILTER +SIGND +ASYNCDNS -NTS +SECHASH +IPV6 +DEBUG)
Sep 25 03:37:38 ip-172-31-30-158 chronyd[2522]: Frequency -15.954 +/- 0.958 ppm read from /var/lib/chrony/drift
Sep 25 03:37:38 ip-172-31-30-158 chronyd[2522]: Loaded seccomp filter (level 2)
Sep 25 03:37:38 ip-172-31-30-158 systemd: Started NTP client/server.
Sep 25 03:37:38 ip-172-31-30-158 rngd: Disabling 5: JITTER Entropy generator (jitter)
Sep 25 03:37:38 ip-172-31-30-158 rngd: Initializing available sources
Sep 25 03:37:38 ip-172-31-30-158 rngd: Failed to init entropy source hwrng
Sep 25 03:37:38 ip-172-31-30-158 rngd: Enabling RDRAND rng support
Sep 25 03:37:38 ip-172-31-30-158 rngd: Initializing entropy source rdrand
Sep 25 03:37:39 ip-172-31-30-158 cloud-init: Cloud-init v. 19.3-45.amzn2 running 'init-local' at Sun, 25 Sep 2022 03:37:39 +0000. Up 6.28 seconds.
Sep 25 03:37:39 ip-172-31-30-158 systemd: Started Initial cloud-init job (pre-networking).
Sep 25 03:37:39 ip-172-31-30-158 systemd: Reached target Network (Pre).
Sep 25 03:37:39 ip-172-31-30-158 systemd: Starting LSB: Bring up/down networking...
Sep 25 03:37:39 ip-172-31-30-158 network: Bringing up loopback interface:  [  OK  ]
Sep 25 03:37:39 ip-172-31-30-158 network: Bringing up interface eth0:
Sep 25 03:37:39 ip-172-31-30-158 dhclient[2669]: DHCPDISCOVER on eth0 to 255.255.255.255 port 67 interval 4 (xid=0x612b1d77)
Sep 25 03:37:39 ip-172-31-30-158 dhclient[2669]: DHCPREQUEST on eth0 to 255.255.255.255 port 67 (xid=0x612b1d77)
Sep 25 03:37:39 ip-172-31-30-158 dhclient[2669]: DHCPOFFER from 172.31.16.1
Sep 25 03:37:39 ip-172-31-30-158 dhclient[2669]: DHCPACK from 172.31.16.1 (xid=0x612b1d77)
Sep 25 03:37:39 ip-172-31-30-158 NET: dhclient: Locked /run/dhclient/resolv.lock
Sep 25 03:37:39 ip-172-31-30-158 NET[2728]: /usr/sbin/dhclient-script : updated /etc/resolv.conf
Sep 25 03:37:39 ip-172-31-30-158 dhclient[2669]: bound to 172.31.30.158 -- renewal in 1496 seconds.
Sep 25 03:37:39 ip-172-31-30-158 network: Determining IP information for eth0... done.
Sep 25 03:37:39 ip-172-31-30-158 ec2net: [get_meta] Querying IMDS for meta-data/network/interfaces/macs/0a:55:3d:b5:70:61/local-ipv4s
Sep 25 03:37:39 ip-172-31-30-158 ec2net: [get_meta] Getting token for IMDSv2.
Sep 25 03:37:39 ip-172-31-30-158 ec2net: [get_meta] Trying to get http://169.254.169.254/latest/meta-data/network/interfaces/macs/0a:55:3d:b5:70:61/local-ipv4s
Sep 25 03:37:39 ip-172-31-30-158 ec2net: [remove_aliases] Removing aliases of eth0
Sep 25 03:37:39 ip-172-31-30-158 network: Determining IPv6 information for eth0... done.
Sep 25 03:37:39 ip-172-31-30-158 network: [  OK  ]
Sep 25 03:37:39 ip-172-31-30-158 systemd: Started LSB: Bring up/down networking.
Sep 25 03:37:39 ip-172-31-30-158 systemd: Starting Initial cloud-init job (metadata service crawler)...
Sep 25 03:37:39 ip-172-31-30-158 systemd: Reached target Network.
Sep 25 03:37:39 ip-172-31-30-158 systemd: Starting Postfix Mail Transport Agent...
Sep 25 03:37:40 ip-172-31-30-158 dhclient[2791]: XMT: Solicit on eth0, interval 1010ms.
Sep 25 03:37:40 ip-172-31-30-158 cloud-init: Cloud-init v. 19.3-45.amzn2 running 'init' at Sun, 25 Sep 2022 03:37:40 +0000. Up 7.43 seconds.
Sep 25 03:37:40 ip-172-31-30-158 cloud-init: ci-info: ++++++++++++++++++++++++++++++++++++++Net device info+++++++++++++++++++++++++++++++++++++++
Sep 25 03:37:40 ip-172-31-30-158 cloud-init: ci-info: +--------+------+-----------------------------+---------------+--------+-------------------+
Sep 25 03:37:40 ip-172-31-30-158 cloud-init: ci-info: | Device |  Up  |           Address           |      Mask     | Scope  |     Hw-Address    |
Sep 25 03:37:40 ip-172-31-30-158 cloud-init: ci-info: +--------+------+-----------------------------+---------------+--------+-------------------+
Sep 25 03:37:40 ip-172-31-30-158 cloud-init: ci-info: |  eth0  | True |        172.31.30.158        | 255.255.240.0 | global | 0a:55:3d:b5:70:61 |
Sep 25 03:37:40 ip-172-31-30-158 cloud-init: ci-info: |  eth0  | True | fe80::855:3dff:feb5:7061/64 |       .       |  link  | 0a:55:3d:b5:70:61 |
Sep 25 03:37:40 ip-172-31-30-158 cloud-init: ci-info: |   lo   | True |          127.0.0.1          |   255.0.0.0   |  host  |         .         |
Sep 25 03:37:40 ip-172-31-30-158 cloud-init: ci-info: |   lo   | True |           ::1/128           |       .       |  host  |         .         |
Sep 25 03:37:40 ip-172-31-30-158 cloud-init: ci-info: +--------+------+-----------------------------+---------------+--------+-------------------+
Sep 25 03:37:40 ip-172-31-30-158 cloud-init: ci-info: ++++++++++++++++++++++++++++++++Route IPv4 info++++++++++++++++++++++++++++++++
Sep 25 03:37:40 ip-172-31-30-158 cloud-init: ci-info: +-------+-----------------+-------------+-----------------+-----------+-------+
Sep 25 03:37:40 ip-172-31-30-158 cloud-init: ci-info: | Route |   Destination   |   Gateway   |     Genmask     | Interface | Flags |
Sep 25 03:37:40 ip-172-31-30-158 cloud-init: ci-info: +-------+-----------------+-------------+-----------------+-----------+-------+
Sep 25 03:37:40 ip-172-31-30-158 cloud-init: ci-info: |   0   |     0.0.0.0     | 172.31.16.1 |     0.0.0.0     |    eth0   |   UG  |
Sep 25 03:37:40 ip-172-31-30-158 cloud-init: ci-info: |   1   | 169.254.169.254 |   0.0.0.0   | 255.255.255.255 |    eth0   |   UH  |
Sep 25 03:37:40 ip-172-31-30-158 cloud-init: ci-info: |   2   |   172.31.16.0   |   0.0.0.0   |  255.255.240.0  |    eth0   |   U   |
Sep 25 03:37:40 ip-172-31-30-158 cloud-init: ci-info: +-------+-----------------+-------------+-----------------+-----------+-------+
Sep 25 03:37:40 ip-172-31-30-158 cloud-init: ci-info: +++++++++++++++++++Route IPv6 info+++++++++++++++++++
Sep 25 03:37:40 ip-172-31-30-158 cloud-init: ci-info: +-------+-------------+---------+-----------+-------+
Sep 25 03:37:40 ip-172-31-30-158 cloud-init: ci-info: | Route | Destination | Gateway | Interface | Flags |
Sep 25 03:37:40 ip-172-31-30-158 cloud-init: ci-info: +-------+-------------+---------+-----------+-------+
Sep 25 03:37:40 ip-172-31-30-158 cloud-init: ci-info: |   9   |  fe80::/64  |    ::   |    eth0   |   U   |
Sep 25 03:37:40 ip-172-31-30-158 cloud-init: ci-info: |   11  |    local    |    ::   |    eth0   |   U   |
Sep 25 03:37:40 ip-172-31-30-158 cloud-init: ci-info: |   12  |   ff00::/8  |    ::   |    eth0   |   U   |
Sep 25 03:37:40 ip-172-31-30-158 cloud-init: ci-info: +-------+-------------+---------+-----------+-------+
Sep 25 03:37:40 ip-172-31-30-158 systemd: Started Postfix Mail Transport Agent.
Sep 25 03:37:41 ip-172-31-30-158 dhclient[2791]: XMT: Solicit on eth0, interval 1920ms.
Sep 25 03:37:41 ip-172-31-30-158 dbus[2500]: [system] Activating via systemd: service name='org.freedesktop.hostname1' unit='dbus-org.freedesktop.hostname1.service'
Sep 25 03:37:41 ip-172-31-30-158 systemd: Starting Hostname Service...
Sep 25 03:37:41 ip-172-31-30-158 dbus[2500]: [system] Successfully activated service 'org.freedesktop.hostname1'
Sep 25 03:37:41 ip-172-31-30-158 systemd-hostnamed: Changed static host name to 'ip-172-31-30-158.ec2.internal'
Sep 25 03:37:41 ip-172-31-30-158 systemd-hostnamed: Changed host name to 'ip-172-31-30-158.ec2.internal'
Sep 25 03:37:41 ip-172-31-30-158 systemd: Started Hostname Service.
Sep 25 03:37:41 ip-172-31-30-158 systemd: Started Initial cloud-init job (metadata service crawler).
Sep 25 03:37:41 ip-172-31-30-158 systemd: Reached target Cloud-config availability.
Sep 25 03:37:41 ip-172-31-30-158 systemd: Reached target Network is Online.
Sep 25 03:37:41 ip-172-31-30-158 systemd: Started amazon-ssm-agent.
Sep 25 03:37:41 ip-172-31-30-158 systemd: Starting System Logging Service...
Sep 25 03:37:41 ip-172-31-30-158 systemd: Starting Finds and configures elastic network interfaces...
Sep 25 03:37:41 ip-172-31-30-158 systemd: Starting Notify NFS peers of a restart...
Sep 25 03:37:41 ip-172-31-30-158 systemd: Starting Dynamically Generate Message Of The Day...
Sep 25 03:37:41 ip-172-31-30-158 systemd: Starting Apply the settings specified in cloud-config...
Sep 25 03:37:41 ip-172-31-30-158 sm-notify[2985]: Version 1.3.0 starting
Sep 25 03:37:41 ip-172-31-30-158 systemd: Starting OpenSSH Server Key Generation...
Sep 25 03:37:41 ip-172-31-30-158 systemd: Starting Permit User Sessions...
Sep 25 03:37:41 ip-172-31-30-158 ec2net: [ec2ifscan] Scanning for unconfigured interfaces
Sep 25 03:37:41 ip-172-31-30-158 systemd: Started Notify NFS peers of a restart.
Sep 25 03:37:41 ip-172-31-30-158 systemd: Started Permit User Sessions.
Sep 25 03:37:41 ip-172-31-30-158 rsyslogd: [origin software="rsyslogd" swVersion="8.24.0-57.amzn2.2.0.1" x-pid="2983" x-info="http://www.rsyslog.com"] start
Sep 25 03:37:41 ip-172-31-30-158 systemd: Started System Logging Service.
Sep 25 03:37:41 ip-172-31-30-158 systemd: Starting Terminate Plymouth Boot Screen...
Sep 25 03:37:41 ip-172-31-30-158 systemd: Starting Wait for Plymouth Boot Screen to Quit...
Sep 25 03:37:41 ip-172-31-30-158 systemd: Started Command Scheduler.
Sep 25 03:37:41 ip-172-31-30-158 systemd: Started Job spooling tools.
Sep 25 03:37:41 ip-172-31-30-158 systemd: Started Finds and configures elastic network interfaces.
Sep 25 03:37:41 ip-172-31-30-158 amazon-ssm-agent: Error occurred fetching the seelog config file path:  open /etc/amazon/ssm/seelog.xml: no such file or directory
Sep 25 03:37:41 ip-172-31-30-158 amazon-ssm-agent: Initializing new seelog logger
Sep 25 03:37:41 ip-172-31-30-158 amazon-ssm-agent: New Seelog Logger Creation Complete
Sep 25 03:37:41 ip-172-31-30-158 amazon-ssm-agent: 2022-09-25 03:37:41 INFO Proxy environment variables:
Sep 25 03:37:41 ip-172-31-30-158 systemd: Started Dynamically Generate Message Of The Day.
Sep 25 03:37:41 ip-172-31-30-158 amazon-ssm-agent: 2022-09-25 03:37:41 INFO https_proxy:
Sep 25 03:37:41 ip-172-31-30-158 sshd-keygen: Generating SSH2 RSA host key: [  OK  ]
Sep 25 03:37:41 ip-172-31-30-158 amazon-ssm-agent: 2022-09-25 03:37:41 INFO http_proxy:
Sep 25 03:37:41 ip-172-31-30-158 sshd-keygen: Generating SSH2 ECDSA host key: [  OK  ]
Sep 25 03:37:41 ip-172-31-30-158 systemd: Received SIGRTMIN+21 from PID 2331 (plymouthd).
Sep 25 03:37:41 ip-172-31-30-158 systemd: Started Terminate Plymouth Boot Screen.
Sep 25 03:37:41 ip-172-31-30-158 systemd: Started Wait for Plymouth Boot Screen to Quit.
Sep 25 03:37:41 ip-172-31-30-158 systemd: Started Getty on tty1.
Sep 25 03:37:41 ip-172-31-30-158 systemd: Started Serial Getty on ttyS0.
Sep 25 03:37:41 ip-172-31-30-158 systemd: Reached target Login Prompts.
Sep 25 03:37:41 ip-172-31-30-158 sshd-keygen: Generating SSH2 ED25519 host key: [  OK  ]
Sep 25 03:37:41 ip-172-31-30-158 systemd: Started OpenSSH Server Key Generation.
Sep 25 03:37:41 ip-172-31-30-158 systemd: Starting OpenSSH server daemon...
Sep 25 03:37:41 ip-172-31-30-158 systemd: Started OpenSSH server daemon.
Sep 25 03:37:41 ip-172-31-30-158 systemd: Reached target Multi-User System.
Sep 25 03:37:41 ip-172-31-30-158 systemd: Reached target aws-eb.target.
Sep 25 03:37:41 ip-172-31-30-158 systemd: Reached target Graphical Interface.
Sep 25 03:37:41 ip-172-31-30-158 systemd: Starting Update UTMP about System Runlevel Changes...
Sep 25 03:37:41 ip-172-31-30-158 amazon-ssm-agent: 2022-09-25 03:37:41 INFO no_proxy:
Sep 25 03:37:41 ip-172-31-30-158 systemd: Started Update UTMP about System Runlevel Changes.
Sep 25 03:37:41 ip-172-31-30-158 amazon-ssm-agent: 2022-09-25 03:37:41 INFO Agent will take identity from EC2
Sep 25 03:37:42 ip-172-31-30-158 amazon-ssm-agent: 2022-09-25 03:37:41 INFO [amazon-ssm-agent] using named pipe channel for IPC
Sep 25 03:37:42 ip-172-31-30-158 cloud-init: Cloud-init v. 19.3-45.amzn2 running 'modules:config' at Sun, 25 Sep 2022 03:37:42 +0000. Up 9.00 seconds.
Sep 25 03:37:42 ip-172-31-30-158 amazon-ssm-agent: 2022-09-25 03:37:41 INFO [amazon-ssm-agent] using named pipe channel for IPC
Sep 25 03:37:42 ip-172-31-30-158 systemd: Started Apply the settings specified in cloud-config.
Sep 25 03:37:42 ip-172-31-30-158 systemd: Starting Initial hibernation setup job...
Sep 25 03:37:42 ip-172-31-30-158 systemd: Starting Execute cloud user/final scripts...
Sep 25 03:37:42 ip-172-31-30-158 amazon-ssm-agent: 2022-09-25 03:37:41 INFO [amazon-ssm-agent] using named pipe channel for IPC
Sep 25 03:37:42 ip-172-31-30-158 amazon-ssm-agent: 2022-09-25 03:37:41 INFO [amazon-ssm-agent] amazon-ssm-agent - v3.1.1575.0
Sep 25 03:37:42 ip-172-31-30-158 hibinit-agent: Effective config: {'grub_update': True, 'swap_percentage': 100, 'log_to_syslog': True, 'touch_swap': False, 'state_dir': '/var/lib/hibinit-agent', 'swapoff': 'swapoff {swapfile}', 'mkswap': 'mkswap {swapfile}', 'swapon': 'swapon {swapfile}', 'swap_mb': 4000}
Sep 25 03:37:42 ip-172-31-30-158 hibinit-agent: Requesting new IMDSv2 token.
Sep 25 03:37:42 ip-172-31-30-158 hibinit-agent: Instance Launch has not enabled Hibernation Configured Flag. hibinit-agent exiting!!
Sep 25 03:37:42 ip-172-31-30-158 amazon-ssm-agent: 2022-09-25 03:37:41 INFO [amazon-ssm-agent] OS: linux, Arch: amd64
Sep 25 03:37:42 ip-172-31-30-158 systemd: Stopping ACPI Event Daemon...
Sep 25 03:37:42 ip-172-31-30-158 acpid: exiting
Sep 25 03:37:42 ip-172-31-30-158 systemd: Stopped ACPI Event Daemon.
Sep 25 03:37:42 ip-172-31-30-158 systemd: Starting ACPI Event Daemon...
Sep 25 03:37:42 ip-172-31-30-158 systemd: Started ACPI Event Daemon.
Sep 25 03:37:42 ip-172-31-30-158 systemd: Started Initial hibernation setup job.
Sep 25 03:37:42 ip-172-31-30-158 acpid: starting up with netlink and the input layer
Sep 25 03:37:42 ip-172-31-30-158 acpid: skipping incomplete file /etc/acpi/events/videoconf
Sep 25 03:37:42 ip-172-31-30-158 acpid: 2 rules loaded
Sep 25 03:37:42 ip-172-31-30-158 acpid: waiting for events: event logging is off
Sep 25 03:37:42 ip-172-31-30-158 amazon-ssm-agent: 2022-09-25 03:37:41 INFO [CredentialRefresher] Identity does not require credential refresher
Sep 25 03:37:42 ip-172-31-30-158 amazon-ssm-agent: 2022-09-25 03:37:42 INFO [amazon-ssm-agent] [LongRunningWorkerContainer] [WorkerProvider] Worker ssm-agent-worker is not running, starting worker process
Sep 25 03:37:42 ip-172-31-30-158 cloud-init: Cloud-init v. 19.3-45.amzn2 running 'modules:final' at Sun, 25 Sep 2022 03:37:42 +0000. Up 9.57 seconds.
Sep 25 03:37:42 ip-172-31-30-158 [eb-cfn-init]: [2022-09-25T03:37:42Z] Started EB User Data
Sep 25 03:37:42 ip-172-31-30-158 [eb-cfn-init]: + SLEEP_TIME=10
Sep 25 03:37:42 ip-172-31-30-158 [eb-cfn-init]: + SLEEP_TIME_MAX=3600
Sep 25 03:37:42 ip-172-31-30-158 [eb-cfn-init]: + true
Sep 25 03:37:42 ip-172-31-30-158 [eb-cfn-init]: + curl https://elasticbeanstalk-platform-assets-us-east-1.s3.amazonaws.com/stalks/eb_nodejs14_amazon_linux_2_1.0.1652.0_20220826002136/lib/UserDataScript.sh
Sep 25 03:37:42 ip-172-31-30-158 [eb-cfn-init]:  % Total    % Received % Xferd  Average Speed   Time    Time     Time  Current
Sep 25 03:37:42 ip-172-31-30-158 [eb-cfn-init]:                                 Dload  Upload   Total   Spent    Left  Speed
Sep 25 03:37:42 ip-172-31-30-158 amazon-ssm-agent: 2022-09-25 03:37:42 INFO [amazon-ssm-agent] [LongRunningWorkerContainer] [WorkerProvider] Worker ssm-agent-worker (pid:3076) started
Sep 25 03:37:42 ip-172-31-30-158 [eb-cfn-init]: #015  0     0    0     0    0     0      0      0 --:--:-- --:--:-- --:--:--     0#015100  4627  100  4627    0     0  70696      0 --:--:-- --:--:-- --:--:-- 71184
Sep 25 03:37:42 ip-172-31-30-158 [eb-cfn-init]: [2022-09-25T03:37:42.808Z] Started EB Bootstrapping Script.
Sep 25 03:37:42 ip-172-31-30-158 [eb-cfn-init]: + RESULT=0
Sep 25 03:37:42 ip-172-31-30-158 [eb-cfn-init]: + [[ 0 -ne 0 ]]
Sep 25 03:37:42 ip-172-31-30-158 [eb-cfn-init]: [2022-09-25T03:37:42.825Z] Received parameters:
Sep 25 03:37:42 ip-172-31-30-158 [eb-cfn-init]: + SLEEP_TIME=2
Sep 25 03:37:42 ip-172-31-30-158 [eb-cfn-init]: TARBALLS =
Sep 25 03:37:42 ip-172-31-30-158 [eb-cfn-init]: + /bin/bash /tmp/ebbootstrap.sh 'https://cloudformation-waitcondition-us-east-1.s3.amazonaws.com/arn%3Aaws%3Acloudformation%3Aus-east-1%3A195698603201%3Astack/awseb-e-hnhjpxbxcc-stack/e8014540-3c24-11ed-8549-0e38bef23a6d/AWSEBInstanceLaunchWaitHandle?X-Amz-Algorithm=AWS4-HMAC-SHA256&X-Amz-Date=20220924T162118Z&X-Amz-SignedHeaders=host&X-Amz-Expires=86399&X-Amz-Credential=AKIA6L7Q4OWT2GZYHG7N%2F20220924%2Fus-east-1%2Fs3%2Faws4_request&X-Amz-Signature=a215868cad7e7d127fc6f72ccf9c0eaff7cceec8ab94a696012764ed508af7ff' arn:aws:cloudformation:us-east-1:195698603201:stack/awseb-e-hnhjpxbxcc-stack/e8014540-3c24-11ed-8549-0e38bef23a6d f5442074-2d5d-4839-9811-fed80bf842db https://elasticbeanstalk-health.us-east-1.amazonaws.com '' https://elasticbeanstalk-platform-assets-us-east-1.s3.amazonaws.com/stalks/eb_nodejs14_amazon_linux_2_1.0.1652.0_20220826002136 us-east-1
Sep 25 03:37:42 ip-172-31-30-158 amazon-ssm-agent: 2022-09-25 03:37:42 INFO [amazon-ssm-agent] [LongRunningWorkerContainer] Monitor long running worker health every 60 seconds
Sep 25 03:37:42 ip-172-31-30-158 [eb-cfn-init]: EB_GEMS =
Sep 25 03:37:42 ip-172-31-30-158 [eb-cfn-init]: SIGNAL_URL = https://cloudformation-waitcondition-us-east-1.s3.amazonaws.com/arn%3Aaws%3Acloudformation%3Aus-east-1%3A195698603201%3Astack/awseb-e-hnhjpxbxcc-stack/e8014540-3c24-11ed-8549-0e38bef23a6d/AWSEBInstanceLaunchWaitHandle?X-Amz-Algorithm=AWS4-HMAC-SHA256&X-Amz-Date=20220924T162118Z&X-Amz-SignedHeaders=host&X-Amz-Expires=86399&X-Amz-Credential=AKIA6L7Q4OWT2GZYHG7N%2F20220924%2Fus-east-1%2Fs3%2Faws4_request&X-Amz-Signature=a215868cad7e7d127fc6f72ccf9c0eaff7cceec8ab94a696012764ed508af7ff
Sep 25 03:37:42 ip-172-31-30-158 [eb-cfn-init]: STACK_ID = arn:aws:cloudformation:us-east-1:195698603201:stack/awseb-e-hnhjpxbxcc-stack/e8014540-3c24-11ed-8549-0e38bef23a6d
Sep 25 03:37:42 ip-172-31-30-158 dhclient[2791]: XMT: Solicit on eth0, interval 3650ms.
Sep 25 03:37:42 ip-172-31-30-158 [eb-cfn-init]: REGION = us-east-1
Sep 25 03:37:42 ip-172-31-30-158 [eb-cfn-init]: GUID =
Sep 25 03:37:42 ip-172-31-30-158 [eb-cfn-init]: HEALTHD_GROUP_ID = f5442074-2d5d-4839-9811-fed80bf842db
Sep 25 03:37:42 ip-172-31-30-158 [eb-cfn-init]: HEALTHD_ENDPOINT = https://elasticbeanstalk-health.us-east-1.amazonaws.com
Sep 25 03:37:42 ip-172-31-30-158 [eb-cfn-init]: PROXY_SERVER =
Sep 25 03:37:42 ip-172-31-30-158 [eb-cfn-init]: HEALTHD_PROXY_LOG_LOCATION =
Sep 25 03:37:42 ip-172-31-30-158 [eb-cfn-init]: PLATFORM_ASSETS_URL = https://elasticbeanstalk-platform-assets-us-east-1.s3.amazonaws.com/stalks/eb_nodejs14_amazon_linux_2_1.0.1652.0_20220826002136
Sep 25 03:37:43 ip-172-31-30-158 [eb-cfn-init]: [2022-09-25T03:37:42.897Z] engine url is set to https://elasticbeanstalk-platform-assets-us-east-1.s3.amazonaws.com/stalks/eb_nodejs14_amazon_linux_2_1.0.1652.0_20220826002136/lib/platform-engine.zip
Sep 25 03:37:43 ip-172-31-30-158 [eb-cfn-init]: [2022-09-25T03:37:42.937Z] first init of instance.
Sep 25 03:37:43 ip-172-31-30-158 [eb-cfn-init]: [2022-09-25T03:37:42.951Z] Started executing cfn_init _OnInstanceBoot.
Sep 25 03:37:43 ip-172-31-30-158 [eb-cfn-init]: [2022-09-25T03:37:42.963Z] Running cfn-init ConfigSet: _OnInstanceBoot.
Sep 25 03:37:43 ip-172-31-30-158 [eb-cfn-init]: [2022-09-25T03:37:42.977Z] Using stack-id from userdata
Sep 25 03:37:44 ip-172-31-30-158 [eb-cfn-init]: [2022-09-25T03:37:44.107Z] Command Returned:
Sep 25 03:37:44 ip-172-31-30-158 [eb-cfn-init]: [2022-09-25T03:37:44.112Z] Completed executing cfn_init.
Sep 25 03:37:44 ip-172-31-30-158 [eb-cfn-init]: [2022-09-25T03:37:44.122Z] finished _OnInstanceBoot
Sep 25 03:37:44 ip-172-31-30-158 [eb-cfn-init]: --2022-09-25 03:37:44--  https://elasticbeanstalk-platform-assets-us-east-1.s3.amazonaws.com/stalks/eb_nodejs14_amazon_linux_2_1.0.1652.0_20220826002136/lib/platform-engine.zip
Sep 25 03:37:44 ip-172-31-30-158 [eb-cfn-init]: Resolving elasticbeanstalk-platform-assets-us-east-1.s3.amazonaws.com (elasticbeanstalk-platform-assets-us-east-1.s3.amazonaws.com)... 52.216.135.43
Sep 25 03:37:44 ip-172-31-30-158 [eb-cfn-init]: Connecting to elasticbeanstalk-platform-assets-us-east-1.s3.amazonaws.com (elasticbeanstalk-platform-assets-us-east-1.s3.amazonaws.com)|52.216.135.43|:443... connected.
Sep 25 03:37:44 ip-172-31-30-158 [eb-cfn-init]: HTTP request sent, awaiting response... 200 OK
Sep 25 03:37:44 ip-172-31-30-158 [eb-cfn-init]: Length: 26816590 (26M) [application/zip]
Sep 25 03:37:44 ip-172-31-30-158 [eb-cfn-init]: Saving to: â€˜/tmp/platform-engine.zipâ€™
Sep 25 03:37:44 ip-172-31-30-158 [eb-cfn-init]: 
Sep 25 03:37:44 ip-172-31-30-158 [eb-cfn-init]:     0K .......... .......... .......... .......... ..........  0% 5.36M 5s
Sep 25 03:37:44 ip-172-31-30-158 [eb-cfn-init]:    50K .......... .......... .......... .......... ..........  0% 6.10M 4s
Sep 25 03:37:44 ip-172-31-30-158 [eb-cfn-init]:   100K .......... .......... .......... .......... ..........  0% 6.67M 4s
Sep 25 03:37:44 ip-172-31-30-158 [eb-cfn-init]:   150K .......... .......... .......... .......... ..........  0%  202M 3s
Sep 25 03:37:44 ip-172-31-30-158 [eb-cfn-init]:   200K .......... .......... .......... .......... ..........  0% 11.9M 3s
Sep 25 03:37:44 ip-172-31-30-158 [eb-cfn-init]:   250K .......... .......... .......... .......... ..........  1%  208M 3s
Sep 25 03:37:44 ip-172-31-30-158 [eb-cfn-init]:   300K .......... .......... .......... .......... ..........  1% 92.5M 2s
Sep 25 03:37:44 ip-172-31-30-158 [eb-cfn-init]:   350K .......... .......... .......... .......... ..........  1% 84.7M 2s
Sep 25 03:37:44 ip-172-31-30-158 [eb-cfn-init]:   400K .......... .......... .......... .......... ..........  1% 52.2M 2s
Sep 25 03:37:44 ip-172-31-30-158 [eb-cfn-init]:   450K .......... .......... .......... .......... ..........  1% 65.6M 2s
Sep 25 03:37:44 ip-172-31-30-158 [eb-cfn-init]:   500K .......... .......... .......... .......... ..........  2% 66.3M 2s
Sep 25 03:37:44 ip-172-31-30-158 [eb-cfn-init]:   550K .......... .......... .......... .......... ..........  2% 5.05M 2s
Sep 25 03:37:44 ip-172-31-30-158 [eb-cfn-init]:   600K .......... .......... .......... .......... ..........  2% 85.6M 2s
Sep 25 03:37:44 ip-172-31-30-158 [eb-cfn-init]:   650K .......... .......... .......... .......... ..........  2% 97.3M 2s
Sep 25 03:37:44 ip-172-31-30-158 [eb-cfn-init]:   700K .......... .......... .......... .......... ..........  2% 74.9M 1s
Sep 25 03:37:44 ip-172-31-30-158 [eb-cfn-init]:   750K .......... .......... .......... .......... ..........  3% 56.9M 1s
Sep 25 03:37:44 ip-172-31-30-158 [eb-cfn-init]:   800K .......... .......... .......... .......... ..........  3% 77.5M 1s
Sep 25 03:37:44 ip-172-31-30-158 [eb-cfn-init]:   850K .......... .......... .......... .......... ..........  3% 81.6M 1s
Sep 25 03:37:44 ip-172-31-30-158 [eb-cfn-init]:   900K .......... .......... .......... .......... ..........  3% 97.2M 1s
Sep 25 03:37:44 ip-172-31-30-158 [eb-cfn-init]:   950K .......... .......... .......... .......... ..........  3% 90.7M 1s
Sep 25 03:37:44 ip-172-31-30-158 [eb-cfn-init]:  1000K .......... .......... .......... .......... ..........  4% 93.5M 1s
Sep 25 03:37:44 ip-172-31-30-158 [eb-cfn-init]:  1050K .......... .......... .......... .......... ..........  4% 76.4M 1s
Sep 25 03:37:44 ip-172-31-30-158 [eb-cfn-init]:  1100K .......... .......... .......... .......... ..........  4% 65.8M 1s
Sep 25 03:37:44 ip-172-31-30-158 [eb-cfn-init]:  1150K .......... .......... .......... .......... ..........  4% 65.9M 1s
Sep 25 03:37:44 ip-172-31-30-158 [eb-cfn-init]:  1200K .......... .......... .......... .......... ..........  4% 83.4M 1s
Sep 25 03:37:44 ip-172-31-30-158 [eb-cfn-init]:  1250K .......... .......... .......... .......... ..........  4% 95.7M 1s
Sep 25 03:37:44 ip-172-31-30-158 [eb-cfn-init]:  1300K .......... .......... .......... .......... ..........  5%  114M 1s
Sep 25 03:37:44 ip-172-31-30-158 [eb-cfn-init]:  1350K .......... .......... .......... .......... ..........  5% 57.7M 1s
Sep 25 03:37:44 ip-172-31-30-158 [eb-cfn-init]:  1400K .......... .......... .......... .......... ..........  5% 94.2M 1s
Sep 25 03:37:44 ip-172-31-30-158 [eb-cfn-init]:  1450K .......... .......... .......... .......... ..........  5% 61.5M 1s
Sep 25 03:37:44 ip-172-31-30-158 [eb-cfn-init]:  1500K .......... .......... .......... .......... ..........  5% 95.3M 1s
Sep 25 03:37:44 ip-172-31-30-158 [eb-cfn-init]:  1550K .......... .......... .......... .......... ..........  6% 85.1M 1s
Sep 25 03:37:44 ip-172-31-30-158 [eb-cfn-init]:  1600K .......... .......... .......... .......... ..........  6% 70.9M 1s
Sep 25 03:37:44 ip-172-31-30-158 [eb-cfn-init]:  1650K .......... .......... .......... .......... ..........  6% 6.11M 1s
Sep 25 03:37:44 ip-172-31-30-158 [eb-cfn-init]:  1700K .......... .......... .......... .......... ..........  6%  101M 1s
Sep 25 03:37:45 ip-172-31-30-158 [eb-cfn-init]:  1750K .......... .......... .......... .......... ..........  6%  102M 1s
Sep 25 03:37:45 ip-172-31-30-158 [eb-cfn-init]:  1800K .......... .......... .......... .......... ..........  7% 90.8M 1s
Sep 25 03:37:45 ip-172-31-30-158 [eb-cfn-init]:  1850K .......... .......... .......... .......... ..........  7% 59.0M 1s
Sep 25 03:37:45 ip-172-31-30-158 chronyd[2522]: Selected source 169.254.169.123
Sep 25 03:37:45 ip-172-31-30-158 [eb-cfn-init]:  1900K .......... .......... .......... .......... ..........  7% 62.4M 1s
Sep 25 03:37:45 ip-172-31-30-158 [eb-cfn-init]:  1950K .......... .......... .......... .......... ..........  7% 55.1M 1s
Sep 25 03:37:45 ip-172-31-30-158 [eb-cfn-init]:  2000K .......... .......... .......... .......... ..........  7% 91.4M 1s
Sep 25 03:37:45 ip-172-31-30-158 [eb-cfn-init]:  2050K .......... .......... .......... .......... ..........  8% 93.1M 1s
Sep 25 03:37:45 ip-172-31-30-158 [eb-cfn-init]:  2100K .......... .......... .......... .......... ..........  8% 94.5M 1s
Sep 25 03:37:45 ip-172-31-30-158 [eb-cfn-init]:  2150K .......... .......... .......... .......... ..........  8% 68.3M 1s
Sep 25 03:37:45 ip-172-31-30-158 [eb-cfn-init]:  2200K .......... .......... .......... .......... ..........  8% 92.1M 1s
Sep 25 03:37:45 ip-172-31-30-158 [eb-cfn-init]:  2250K .......... .......... .......... .......... ..........  8% 60.7M 1s
Sep 25 03:37:45 ip-172-31-30-158 [eb-cfn-init]:  2300K .......... .......... .......... .......... ..........  8% 68.8M 1s
Sep 25 03:37:45 ip-172-31-30-158 [eb-cfn-init]:  2350K .......... .......... .......... .......... ..........  9% 58.1M 1s
Sep 25 03:37:45 ip-172-31-30-158 [eb-cfn-init]:  2400K .......... .......... .......... .......... ..........  9% 96.2M 1s
Sep 25 03:37:45 ip-172-31-30-158 [eb-cfn-init]:  2450K .......... .......... .......... .......... ..........  9% 89.6M 1s
Sep 25 03:37:45 ip-172-31-30-158 [eb-cfn-init]:  2500K .......... .......... .......... .......... ..........  9% 92.0M 1s
Sep 25 03:37:45 ip-172-31-30-158 [eb-cfn-init]:  2550K .......... .......... .......... .......... ..........  9% 4.37M 1s
Sep 25 03:37:45 ip-172-31-30-158 [eb-cfn-init]:  2600K .......... .......... .......... .......... .......... 10% 97.6M 1s
Sep 25 03:37:45 ip-172-31-30-158 [eb-cfn-init]:  2650K .......... .......... .......... .......... .......... 10% 93.3M 1s
Sep 25 03:37:45 ip-172-31-30-158 [eb-cfn-init]:  2700K .......... .......... .......... .......... .......... 10% 73.3M 1s
Sep 25 03:37:45 ip-172-31-30-158 [eb-cfn-init]:  2750K .......... .......... .......... .......... .......... 10% 60.5M 1s
Sep 25 03:37:45 ip-172-31-30-158 [eb-cfn-init]:  2800K .......... .......... .......... .......... .......... 10% 76.1M 1s
Sep 25 03:37:45 ip-172-31-30-158 [eb-cfn-init]:  2850K .......... .......... .......... .......... .......... 11% 63.2M 1s
Sep 25 03:37:45 ip-172-31-30-158 [eb-cfn-init]:  2900K .......... .......... .......... .......... .......... 11% 96.1M 1s
Sep 25 03:37:45 ip-172-31-30-158 [eb-cfn-init]:  2950K .......... .......... .......... .......... .......... 11% 94.7M 1s
Sep 25 03:37:45 ip-172-31-30-158 [eb-cfn-init]:  3000K .......... .......... .......... .......... .......... 11% 97.1M 1s
Sep 25 03:37:45 ip-172-31-30-158 [eb-cfn-init]:  3050K .......... .......... .......... .......... .......... 11% 81.7M 1s
Sep 25 03:37:45 ip-172-31-30-158 [eb-cfn-init]:  3100K .......... .......... .......... .......... .......... 12% 58.3M 1s
Sep 25 03:37:45 ip-172-31-30-158 [eb-cfn-init]:  3150K .......... .......... .......... .......... .......... 12% 75.6M 1s
Sep 25 03:37:45 ip-172-31-30-158 [eb-cfn-init]:  3200K .......... .......... .......... .......... .......... 12% 64.3M 1s
Sep 25 03:37:45 ip-172-31-30-158 [eb-cfn-init]:  3250K .......... .......... .......... .......... .......... 12% 95.9M 1s
Sep 25 03:37:45 ip-172-31-30-158 [eb-cfn-init]:  3300K .......... .......... .......... .......... .......... 12% 89.0M 1s
Sep 25 03:37:45 ip-172-31-30-158 [eb-cfn-init]:  3350K .......... .......... .......... .......... .......... 12% 92.8M 1s
Sep 25 03:37:45 ip-172-31-30-158 [eb-cfn-init]:  3400K .......... .......... .......... .......... .......... 13% 95.6M 1s
Sep 25 03:37:45 ip-172-31-30-158 [eb-cfn-init]:  3450K .......... .......... .......... .......... .......... 13% 48.1M 1s
Sep 25 03:37:45 ip-172-31-30-158 [eb-cfn-init]:  3500K .......... .......... .......... .......... .......... 13% 66.9M 1s
Sep 25 03:37:45 ip-172-31-30-158 [eb-cfn-init]:  3550K .......... .......... .......... .......... .......... 13% 82.1M 1s
Sep 25 03:37:45 ip-172-31-30-158 [eb-cfn-init]:  3600K .......... .......... .......... .......... .......... 13% 85.2M 1s
Sep 25 03:37:45 ip-172-31-30-158 [eb-cfn-init]:  3650K .......... .......... .......... .......... .......... 14% 83.2M 1s
Sep 25 03:37:45 ip-172-31-30-158 [eb-cfn-init]:  3700K .......... .......... .......... .......... .......... 14% 91.8M 1s
Sep 25 03:37:45 ip-172-31-30-158 [eb-cfn-init]:  3750K .......... .......... .......... .......... .......... 14% 94.9M 1s
Sep 25 03:37:45 ip-172-31-30-158 [eb-cfn-init]:  3800K .......... .......... .......... .......... .......... 14% 72.6M 1s
Sep 25 03:37:45 ip-172-31-30-158 [eb-cfn-init]:  3850K .......... .......... .......... .......... .......... 14% 73.7M 1s
Sep 25 03:37:45 ip-172-31-30-158 [eb-cfn-init]:  3900K .......... .......... .......... .......... .......... 15% 4.55M 1s
Sep 25 03:37:45 ip-172-31-30-158 [eb-cfn-init]:  3950K .......... .......... .......... .......... .......... 15% 83.4M 1s
Sep 25 03:37:45 ip-172-31-30-158 [eb-cfn-init]:  4000K .......... .......... .......... .......... .......... 15% 89.5M 1s
Sep 25 03:37:45 ip-172-31-30-158 [eb-cfn-init]:  4050K .......... .......... .......... .......... .......... 15% 83.5M 1s
Sep 25 03:37:45 ip-172-31-30-158 [eb-cfn-init]:  4100K .......... .......... .......... .......... .......... 15% 85.9M 1s
Sep 25 03:37:45 ip-172-31-30-158 [eb-cfn-init]:  4150K .......... .......... .......... .......... .......... 16% 88.4M 1s
Sep 25 03:37:45 ip-172-31-30-158 [eb-cfn-init]:  4200K .......... .......... .......... .......... .......... 16% 57.1M 1s
Sep 25 03:37:45 ip-172-31-30-158 [eb-cfn-init]:  4250K .......... .......... .......... .......... .......... 16% 94.0M 1s
Sep 25 03:37:45 ip-172-31-30-158 [eb-cfn-init]:  4300K .......... .......... .......... .......... .......... 16%  107M 1s
Sep 25 03:37:45 ip-172-31-30-158 [eb-cfn-init]:  4350K .......... .......... .......... .......... .......... 16% 58.0M 1s
Sep 25 03:37:45 ip-172-31-30-158 [eb-cfn-init]:  4400K .......... .......... .......... .......... .......... 16% 97.5M 1s
Sep 25 03:37:45 ip-172-31-30-158 [eb-cfn-init]:  4450K .......... .......... .......... .......... .......... 17% 78.9M 1s
Sep 25 03:37:45 ip-172-31-30-158 [eb-cfn-init]:  4500K .......... .......... .......... .......... .......... 17% 60.1M 1s
Sep 25 03:37:45 ip-172-31-30-158 [eb-cfn-init]:  4550K .......... .......... .......... .......... .......... 17% 87.5M 1s
Sep 25 03:37:45 ip-172-31-30-158 [eb-cfn-init]:  4600K .......... .......... .......... .......... .......... 17% 64.3M 1s
Sep 25 03:37:45 ip-172-31-30-158 [eb-cfn-init]:  4650K .......... .......... .......... .......... .......... 17% 92.5M 1s
Sep 25 03:37:45 ip-172-31-30-158 [eb-cfn-init]:  4700K .......... .......... .......... .......... .......... 18% 87.7M 1s
Sep 25 03:37:45 ip-172-31-30-158 [eb-cfn-init]:  4750K .......... .......... .......... .......... .......... 18% 81.8M 1s
Sep 25 03:37:45 ip-172-31-30-158 [eb-cfn-init]:  4800K .......... .......... .......... .......... .......... 18% 94.4M 1s
Sep 25 03:37:45 ip-172-31-30-158 [eb-cfn-init]:  4850K .......... .......... .......... .......... .......... 18% 96.2M 1s
Sep 25 03:37:45 ip-172-31-30-158 [eb-cfn-init]:  4900K .......... .......... .......... .......... .......... 18% 59.3M 1s
Sep 25 03:37:45 ip-172-31-30-158 [eb-cfn-init]:  4950K .......... .......... .......... .......... .......... 19% 88.6M 1s
Sep 25 03:37:45 ip-172-31-30-158 [eb-cfn-init]:  5000K .......... .......... .......... .......... .......... 19% 69.1M 1s
Sep 25 03:37:45 ip-172-31-30-158 [eb-cfn-init]:  5050K .......... .......... .......... .......... .......... 19% 65.7M 1s
Sep 25 03:37:45 ip-172-31-30-158 [eb-cfn-init]:  5100K .......... .......... .......... .......... .......... 19%  103M 1s
Sep 25 03:37:46 ip-172-31-30-158 [eb-cfn-init]:  5150K .......... .......... .......... .......... .......... 19% 4.71M 1s
Sep 25 03:37:46 ip-172-31-30-158 [eb-cfn-init]:  5200K .......... .......... .......... .......... .......... 20% 93.9M 1s
Sep 25 03:37:46 ip-172-31-30-158 [eb-cfn-init]:  5250K .......... .......... .......... .......... .......... 20% 87.8M 1s
Sep 25 03:37:46 ip-172-31-30-158 [eb-cfn-init]:  5300K .......... .......... .......... .......... .......... 20% 83.9M 1s
Sep 25 03:37:46 ip-172-31-30-158 [eb-cfn-init]:  5350K .......... .......... .......... .......... .......... 20% 83.2M 1s
Sep 25 03:37:46 ip-172-31-30-158 [eb-cfn-init]:  5400K .......... .......... .......... .......... .......... 20% 67.1M 1s
Sep 25 03:37:46 ip-172-31-30-158 [eb-cfn-init]:  5450K .......... .......... .......... .......... .......... 21% 83.6M 1s
Sep 25 03:37:46 ip-172-31-30-158 [eb-cfn-init]:  5500K .......... .......... .......... .......... .......... 21% 76.7M 1s
Sep 25 03:37:46 ip-172-31-30-158 [eb-cfn-init]:  5550K .......... .......... .......... .......... .......... 21%  108M 1s
Sep 25 03:37:46 ip-172-31-30-158 [eb-cfn-init]:  5600K .......... .......... .......... .......... .......... 21% 75.8M 1s
Sep 25 03:37:46 ip-172-31-30-158 [eb-cfn-init]:  5650K .......... .......... .......... .......... .......... 21% 68.6M 1s
Sep 25 03:37:46 ip-172-31-30-158 [eb-cfn-init]:  5700K .......... .......... .......... .......... .......... 21% 73.9M 1s
Sep 25 03:37:46 ip-172-31-30-158 [eb-cfn-init]:  5750K .......... .......... .......... .......... .......... 22% 70.8M 1s
Sep 25 03:37:46 ip-172-31-30-158 [eb-cfn-init]:  5800K .......... .......... .......... .......... .......... 22% 92.6M 1s
Sep 25 03:37:46 ip-172-31-30-158 [eb-cfn-init]:  5850K .......... .......... .......... .......... .......... 22% 63.0M 1s
Sep 25 03:37:46 ip-172-31-30-158 [eb-cfn-init]:  5900K .......... .......... .......... .......... .......... 22% 92.3M 0s
Sep 25 03:37:46 ip-172-31-30-158 [eb-cfn-init]:  5950K .......... .......... .......... .......... .......... 22% 76.4M 0s
Sep 25 03:37:46 ip-172-31-30-158 [eb-cfn-init]:  6000K .......... .......... .......... .......... .......... 23%  105M 0s
Sep 25 03:37:46 ip-172-31-30-158 [eb-cfn-init]:  6050K .......... .......... .......... .......... .......... 23% 91.5M 0s
Sep 25 03:37:46 ip-172-31-30-158 [eb-cfn-init]:  6100K .......... .......... .......... .......... .......... 23% 80.7M 0s
Sep 25 03:37:46 ip-172-31-30-158 [eb-cfn-init]:  6150K .......... .......... .......... .......... .......... 23% 63.0M 0s
Sep 25 03:37:46 ip-172-31-30-158 [eb-cfn-init]:  6200K .......... .......... .......... .......... .......... 23% 96.7M 0s
Sep 25 03:37:46 ip-172-31-30-158 [eb-cfn-init]:  6250K .......... .......... .......... .......... .......... 24% 61.4M 0s
Sep 25 03:37:46 ip-172-31-30-158 [eb-cfn-init]:  6300K .......... .......... .......... .......... .......... 24% 99.0M 0s
Sep 25 03:37:46 ip-172-31-30-158 [eb-cfn-init]:  6350K .......... .......... .......... .......... .......... 24% 75.8M 0s
Sep 25 03:37:46 ip-172-31-30-158 [eb-cfn-init]:  6400K .......... .......... .......... .......... .......... 24% 4.09M 1s
Sep 25 03:37:46 ip-172-31-30-158 [eb-cfn-init]:  6450K .......... .......... .......... .......... .......... 24% 86.9M 0s
Sep 25 03:37:46 ip-172-31-30-158 [eb-cfn-init]:  6500K .......... .......... .......... .......... .......... 25% 88.1M 0s
Sep 25 03:37:46 ip-172-31-30-158 [eb-cfn-init]:  6550K .......... .......... .......... .......... .......... 25% 95.3M 0s
Sep 25 03:37:46 ip-172-31-30-158 [eb-cfn-init]:  6600K .......... .......... .......... .......... .......... 25% 92.3M 0s
Sep 25 03:37:46 ip-172-31-30-158 [eb-cfn-init]:  6650K .......... .......... .......... .......... .......... 25% 53.3M 0s
Sep 25 03:37:46 ip-172-31-30-158 [eb-cfn-init]:  6700K .......... .......... .......... .......... .......... 25% 79.9M 0s
Sep 25 03:37:46 ip-172-31-30-158 [eb-cfn-init]:  6750K .......... .......... .......... .......... .......... 25% 57.1M 0s
Sep 25 03:37:46 ip-172-31-30-158 [eb-cfn-init]:  6800K .......... .......... .......... .......... .......... 26%  103M 0s
Sep 25 03:37:46 ip-172-31-30-158 [eb-cfn-init]:  6850K .......... .......... .......... .......... .......... 26% 93.9M 0s
Sep 25 03:37:46 ip-172-31-30-158 [eb-cfn-init]:  6900K .......... .......... .......... .......... .......... 26% 92.8M 0s
Sep 25 03:37:46 ip-172-31-30-158 [eb-cfn-init]:  6950K .......... .......... .......... .......... .......... 26% 89.1M 0s
Sep 25 03:37:46 ip-172-31-30-158 [eb-cfn-init]:  7000K .......... .......... .......... .......... .......... 26% 72.5M 0s
Sep 25 03:37:46 ip-172-31-30-158 [eb-cfn-init]:  7050K .......... .......... .......... .......... .......... 27% 68.0M 0s
Sep 25 03:37:46 ip-172-31-30-158 [eb-cfn-init]:  7100K .......... .......... .......... .......... .......... 27% 79.3M 0s
Sep 25 03:37:46 ip-172-31-30-158 [eb-cfn-init]:  7150K .......... .......... .......... .......... .......... 27% 66.9M 0s
Sep 25 03:37:46 ip-172-31-30-158 [eb-cfn-init]:  7200K .......... .......... .......... .......... .......... 27% 95.1M 0s
Sep 25 03:37:46 ip-172-31-30-158 [eb-cfn-init]:  7250K .......... .......... .......... .......... .......... 27%  103M 0s
Sep 25 03:37:46 ip-172-31-30-158 [eb-cfn-init]:  7300K .......... .......... .......... .......... .......... 28% 90.6M 0s
Sep 25 03:37:46 ip-172-31-30-158 [eb-cfn-init]:  7350K .......... .......... .......... .......... .......... 28% 80.3M 0s
Sep 25 03:37:46 ip-172-31-30-158 [eb-cfn-init]:  7400K .......... .......... .......... .......... .......... 28% 64.5M 0s
Sep 25 03:37:46 ip-172-31-30-158 [eb-cfn-init]:  7450K .......... .......... .......... .......... .......... 28% 76.0M 0s
Sep 25 03:37:46 ip-172-31-30-158 [eb-cfn-init]:  7500K .......... .......... .......... .......... .......... 28% 69.1M 0s
Sep 25 03:37:46 ip-172-31-30-158 dhclient[2791]: XMT: Solicit on eth0, interval 7650ms.
Sep 25 03:37:46 ip-172-31-30-158 [eb-cfn-init]:  7550K .......... .......... .......... .......... .......... 29% 98.8M 0s
Sep 25 03:37:46 ip-172-31-30-158 [eb-cfn-init]:  7600K .......... .......... .......... .......... .......... 29% 89.7M 0s
Sep 25 03:37:46 ip-172-31-30-158 [eb-cfn-init]:  7650K .......... .......... .......... .......... .......... 29%  103M 0s
Sep 25 03:37:46 ip-172-31-30-158 [eb-cfn-init]:  7700K .......... .......... .......... .......... .......... 29% 79.1M 0s
Sep 25 03:37:46 ip-172-31-30-158 [eb-cfn-init]:  7750K .......... .......... .......... .......... .......... 29% 4.76M 0s
Sep 25 03:37:46 ip-172-31-30-158 [eb-cfn-init]:  7800K .......... .......... .......... .......... .......... 29% 89.6M 0s
Sep 25 03:37:46 ip-172-31-30-158 [eb-cfn-init]:  7850K .......... .......... .......... .......... .......... 30% 85.5M 0s
Sep 25 03:37:46 ip-172-31-30-158 [eb-cfn-init]:  7900K .......... .......... .......... .......... .......... 30% 92.8M 0s
Sep 25 03:37:46 ip-172-31-30-158 [eb-cfn-init]:  7950K .......... .......... .......... .......... .......... 30% 97.3M 0s
Sep 25 03:37:46 ip-172-31-30-158 [eb-cfn-init]:  8000K .......... .......... .......... .......... .......... 30% 91.4M 0s
Sep 25 03:37:46 ip-172-31-30-158 [eb-cfn-init]:  8050K .......... .......... .......... .......... .......... 30% 58.4M 0s
Sep 25 03:37:46 ip-172-31-30-158 [eb-cfn-init]:  8100K .......... .......... .......... .......... .......... 31%  101M 0s
Sep 25 03:37:46 ip-172-31-30-158 [eb-cfn-init]:  8150K .......... .......... .......... .......... .......... 31% 90.5M 0s
Sep 25 03:37:46 ip-172-31-30-158 [eb-cfn-init]:  8200K .......... .......... .......... .......... .......... 31% 60.2M 0s
Sep 25 03:37:46 ip-172-31-30-158 [eb-cfn-init]:  8250K .......... .......... .......... .......... .......... 31% 95.6M 0s
Sep 25 03:37:46 ip-172-31-30-158 [eb-cfn-init]:  8300K .......... .......... .......... .......... .......... 31% 80.0M 0s
Sep 25 03:37:46 ip-172-31-30-158 [eb-cfn-init]:  8350K .......... .......... .......... .......... .......... 32% 60.5M 0s
Sep 25 03:37:46 ip-172-31-30-158 [eb-cfn-init]:  8400K .......... .......... .......... .......... .......... 32% 65.9M 0s
Sep 25 03:37:46 ip-172-31-30-158 [eb-cfn-init]:  8450K .......... .......... .......... .......... .......... 32% 79.6M 0s
Sep 25 03:37:46 ip-172-31-30-158 [eb-cfn-init]:  8500K .......... .......... .......... .......... .......... 32% 97.4M 0s
Sep 25 03:37:46 ip-172-31-30-158 [eb-cfn-init]:  8550K .......... .......... .......... .......... .......... 32%  112M 0s
Sep 25 03:37:46 ip-172-31-30-158 [eb-cfn-init]:  8600K .......... .......... .......... .......... .......... 33% 97.6M 0s
Sep 25 03:37:46 ip-172-31-30-158 [eb-cfn-init]:  8650K .......... .......... .......... .......... .......... 33% 88.3M 0s
Sep 25 03:37:46 ip-172-31-30-158 [eb-cfn-init]:  8700K .......... .......... .......... .......... .......... 33% 59.2M 0s
Sep 25 03:37:46 ip-172-31-30-158 [eb-cfn-init]:  8750K .......... .......... .......... .......... .......... 33% 84.0M 0s
Sep 25 03:37:46 ip-172-31-30-158 [eb-cfn-init]:  8800K .......... .......... .......... .......... .......... 33% 86.0M 0s
Sep 25 03:37:46 ip-172-31-30-158 [eb-cfn-init]:  8850K .......... .......... .......... .......... .......... 33% 65.3M 0s
Sep 25 03:37:46 ip-172-31-30-158 [eb-cfn-init]:  8900K .......... .......... .......... .......... .......... 34% 86.7M 0s
Sep 25 03:37:46 ip-172-31-30-158 [eb-cfn-init]:  8950K .......... .......... .......... .......... .......... 34% 89.5M 0s
Sep 25 03:37:46 ip-172-31-30-158 [eb-cfn-init]:  9000K .......... .......... .......... .......... .......... 34% 5.09M 0s
Sep 25 03:37:46 ip-172-31-30-158 [eb-cfn-init]:  9050K .......... .......... .......... .......... .......... 34% 87.5M 0s
Sep 25 03:37:46 ip-172-31-30-158 [eb-cfn-init]:  9100K .......... .......... .......... .......... .......... 34% 94.4M 0s
Sep 25 03:37:47 ip-172-31-30-158 [eb-cfn-init]:  9150K .......... .......... .......... .......... .......... 35% 90.3M 0s
Sep 25 03:37:47 ip-172-31-30-158 [eb-cfn-init]:  9200K .......... .......... .......... .......... .......... 35% 93.9M 0s
Sep 25 03:37:47 ip-172-31-30-158 [eb-cfn-init]:  9250K .......... .......... .......... .......... .......... 35% 92.9M 0s
Sep 25 03:37:47 ip-172-31-30-158 [eb-cfn-init]:  9300K .......... .......... .......... .......... .......... 35% 56.5M 0s
Sep 25 03:37:47 ip-172-31-30-158 [eb-cfn-init]:  9350K .......... .......... .......... .......... .......... 35%  105M 0s
Sep 25 03:37:47 ip-172-31-30-158 [eb-cfn-init]:  9400K .......... .......... .......... .......... .......... 36%  111M 0s
Sep 25 03:37:47 ip-172-31-30-158 [eb-cfn-init]:  9450K .......... .......... .......... .......... .......... 36% 51.8M 0s
Sep 25 03:37:47 ip-172-31-30-158 [eb-cfn-init]:  9500K .......... .......... .......... .......... .......... 36% 82.3M 0s
Sep 25 03:37:47 ip-172-31-30-158 [eb-cfn-init]:  9550K .......... .......... .......... .......... .......... 36% 64.5M 0s
Sep 25 03:37:47 ip-172-31-30-158 [eb-cfn-init]:  9600K .......... .......... .......... .......... .......... 36% 95.4M 0s
Sep 25 03:37:47 ip-172-31-30-158 [eb-cfn-init]:  9650K .......... .......... .......... .......... .......... 37% 90.2M 0s
Sep 25 03:37:47 ip-172-31-30-158 [eb-cfn-init]:  9700K .......... .......... .......... .......... .......... 37% 91.4M 0s
Sep 25 03:37:47 ip-172-31-30-158 [eb-cfn-init]:  9750K .......... .......... .......... .......... .......... 37% 56.0M 0s
Sep 25 03:37:47 ip-172-31-30-158 [eb-cfn-init]:  9800K .......... .......... .......... .......... .......... 37% 95.7M 0s
Sep 25 03:37:47 ip-172-31-30-158 [eb-cfn-init]:  9850K .......... .......... .......... .......... .......... 37% 61.7M 0s
Sep 25 03:37:47 ip-172-31-30-158 [eb-cfn-init]:  9900K .......... .......... .......... .......... .......... 37% 97.1M 0s
Sep 25 03:37:47 ip-172-31-30-158 [eb-cfn-init]:  9950K .......... .......... .......... .......... .......... 38% 75.1M 0s
Sep 25 03:37:47 ip-172-31-30-158 [eb-cfn-init]: 10000K .......... .......... .......... .......... .......... 38% 92.0M 0s
Sep 25 03:37:47 ip-172-31-30-158 [eb-cfn-init]: 10050K .......... .......... .......... .......... .......... 38% 88.1M 0s
Sep 25 03:37:47 ip-172-31-30-158 [eb-cfn-init]: 10100K .......... .......... .......... .......... .......... 38% 61.8M 0s
Sep 25 03:37:47 ip-172-31-30-158 [eb-cfn-init]: 10150K .......... .......... .......... .......... .......... 38% 4.75M 0s
Sep 25 03:37:47 ip-172-31-30-158 [eb-cfn-init]: 10200K .......... .......... .......... .......... .......... 39%  101M 0s
Sep 25 03:37:47 ip-172-31-30-158 [eb-cfn-init]: 10250K .......... .......... .......... .......... .......... 39% 97.7M 0s
Sep 25 03:37:47 ip-172-31-30-158 [eb-cfn-init]: 10300K .......... .......... .......... .......... .......... 39% 67.0M 0s
Sep 25 03:37:47 ip-172-31-30-158 [eb-cfn-init]: 10350K .......... .......... .......... .......... .......... 39% 92.5M 0s
Sep 25 03:37:47 ip-172-31-30-158 [eb-cfn-init]: 10400K .......... .......... .......... .......... .......... 39% 89.1M 0s
Sep 25 03:37:47 ip-172-31-30-158 [eb-cfn-init]: 10450K .......... .......... .......... .......... .......... 40% 95.3M 0s
Sep 25 03:37:47 ip-172-31-30-158 [eb-cfn-init]: 10500K .......... .......... .......... .......... .......... 40% 92.0M 0s
Sep 25 03:37:47 ip-172-31-30-158 [eb-cfn-init]: 10550K .......... .......... .......... .......... .......... 40% 52.3M 0s
Sep 25 03:37:47 ip-172-31-30-158 [eb-cfn-init]: 10600K .......... .......... .......... .......... .......... 40% 95.3M 0s
Sep 25 03:37:47 ip-172-31-30-158 [eb-cfn-init]: 10650K .......... .......... .......... .......... .......... 40%  108M 0s
Sep 25 03:37:47 ip-172-31-30-158 [eb-cfn-init]: 10700K .......... .......... .......... .......... .......... 41% 59.4M 0s
Sep 25 03:37:47 ip-172-31-30-158 [eb-cfn-init]: 10750K .......... .......... .......... .......... .......... 41% 96.5M 0s
Sep 25 03:37:47 ip-172-31-30-158 [eb-cfn-init]: 10800K .......... .......... .......... .......... .......... 41% 73.6M 0s
Sep 25 03:37:47 ip-172-31-30-158 [eb-cfn-init]: 10850K .......... .......... .......... .......... .......... 41% 71.7M 0s
Sep 25 03:37:47 ip-172-31-30-158 [eb-cfn-init]: 10900K .......... .......... .......... .......... .......... 41% 83.4M 0s
Sep 25 03:37:47 ip-172-31-30-158 [eb-cfn-init]: 10950K .......... .......... .......... .......... .......... 42% 89.6M 0s
Sep 25 03:37:47 ip-172-31-30-158 [eb-cfn-init]: 11000K .......... .......... .......... .......... .......... 42% 84.4M 0s
Sep 25 03:37:47 ip-172-31-30-158 [eb-cfn-init]: 11050K .......... .......... .......... .......... .......... 42% 96.7M 0s
Sep 25 03:37:47 ip-172-31-30-158 [eb-cfn-init]: 11100K .......... .......... .......... .......... .......... 42% 71.8M 0s
Sep 25 03:37:47 ip-172-31-30-158 [eb-cfn-init]: 11150K .......... .......... .......... .......... .......... 42% 87.4M 0s
Sep 25 03:37:47 ip-172-31-30-158 [eb-cfn-init]: 11200K .......... .......... .......... .......... .......... 42% 89.7M 0s
Sep 25 03:37:47 ip-172-31-30-158 [eb-cfn-init]: 11250K .......... .......... .......... .......... .......... 43% 60.0M 0s
Sep 25 03:37:47 ip-172-31-30-158 [eb-cfn-init]: 11300K .......... .......... .......... .......... .......... 43% 76.9M 0s
Sep 25 03:37:47 ip-172-31-30-158 [eb-cfn-init]: 11350K .......... .......... .......... .......... .......... 43% 89.2M 0s
Sep 25 03:37:47 ip-172-31-30-158 [eb-cfn-init]: 11400K .......... .......... .......... .......... .......... 43% 4.55M 0s
Sep 25 03:37:47 ip-172-31-30-158 [eb-cfn-init]: 11450K .......... .......... .......... .......... .......... 43% 88.8M 0s
Sep 25 03:37:47 ip-172-31-30-158 [eb-cfn-init]: 11500K .......... .......... .......... .......... .......... 44%  103M 0s
Sep 25 03:37:47 ip-172-31-30-158 [eb-cfn-init]: 11550K .......... .......... .......... .......... .......... 44% 95.8M 0s
Sep 25 03:37:47 ip-172-31-30-158 [eb-cfn-init]: 11600K .......... .......... .......... .......... .......... 44% 92.4M 0s
Sep 25 03:37:47 ip-172-31-30-158 [eb-cfn-init]: 11650K .......... .......... .......... .......... .......... 44% 88.6M 0s
Sep 25 03:37:47 ip-172-31-30-158 [eb-cfn-init]: 11700K .......... .......... .......... .......... .......... 44% 93.0M 0s
Sep 25 03:37:47 ip-172-31-30-158 [eb-cfn-init]: 11750K .......... .......... .......... .......... .......... 45% 58.2M 0s
Sep 25 03:37:47 ip-172-31-30-158 [eb-cfn-init]: 11800K .......... .......... .......... .......... .......... 45% 84.6M 0s
Sep 25 03:37:47 ip-172-31-30-158 [eb-cfn-init]: 11850K .......... .......... .......... .......... .......... 45% 92.2M 0s
Sep 25 03:37:47 ip-172-31-30-158 [eb-cfn-init]: 11900K .......... .......... .......... .......... .......... 45% 64.9M 0s
Sep 25 03:37:47 ip-172-31-30-158 [eb-cfn-init]: 11950K .......... .......... .......... .......... .......... 45%  105M 0s
Sep 25 03:37:47 ip-172-31-30-158 [eb-cfn-init]: 12000K .......... .......... .......... .......... .......... 46% 85.4M 0s
Sep 25 03:37:47 ip-172-31-30-158 [eb-cfn-init]: 12050K .......... .......... .......... .......... .......... 46% 66.9M 0s
Sep 25 03:37:47 ip-172-31-30-158 [eb-cfn-init]: 12100K .......... .......... .......... .......... .......... 46% 92.5M 0s
Sep 25 03:37:47 ip-172-31-30-158 [eb-cfn-init]: 12150K .......... .......... .......... .......... .......... 46% 92.9M 0s
Sep 25 03:37:47 ip-172-31-30-158 [eb-cfn-init]: 12200K .......... .......... .......... .......... .......... 46% 70.9M 0s
Sep 25 03:37:47 ip-172-31-30-158 [eb-cfn-init]: 12250K .......... .......... .......... .......... .......... 46% 80.8M 0s
Sep 25 03:37:47 ip-172-31-30-158 [eb-cfn-init]: 12300K .......... .......... .......... .......... .......... 47% 92.2M 0s
Sep 25 03:37:47 ip-172-31-30-158 [eb-cfn-init]: 12350K .......... .......... .......... .......... .......... 47% 69.2M 0s
Sep 25 03:37:47 ip-172-31-30-158 [eb-cfn-init]: 12400K .......... .......... .......... .......... .......... 47% 91.1M 0s
Sep 25 03:37:47 ip-172-31-30-158 [eb-cfn-init]: 12450K .......... .......... .......... .......... .......... 47% 91.3M 0s
Sep 25 03:37:47 ip-172-31-30-158 [eb-cfn-init]: 12500K .......... .......... .......... .......... .......... 47% 95.7M 0s
Sep 25 03:37:47 ip-172-31-30-158 [eb-cfn-init]: 12550K .......... .......... .......... .......... .......... 48% 83.5M 0s
Sep 25 03:37:47 ip-172-31-30-158 [eb-cfn-init]: 12600K .......... .......... .......... .......... .......... 48% 62.4M 0s
Sep 25 03:37:47 ip-172-31-30-158 [eb-cfn-init]: 12650K .......... .......... .......... .......... .......... 48% 86.4M 0s
Sep 25 03:37:47 ip-172-31-30-158 [eb-cfn-init]: 12700K .......... .......... .......... .......... .......... 48% 97.5M 0s
Sep 25 03:37:47 ip-172-31-30-158 [eb-cfn-init]: 12750K .......... .......... .......... .......... .......... 48% 61.8M 0s
Sep 25 03:37:47 ip-172-31-30-158 [eb-cfn-init]: 12800K .......... .......... .......... .......... .......... 49%  109M 0s
Sep 25 03:37:47 ip-172-31-30-158 [eb-cfn-init]: 12850K .......... .......... .......... .......... .......... 49% 4.64M 0s
Sep 25 03:37:47 ip-172-31-30-158 [eb-cfn-init]: 12900K .......... .......... .......... .......... .......... 49% 96.1M 0s
Sep 25 03:37:47 ip-172-31-30-158 [eb-cfn-init]: 12950K .......... .......... .......... .......... .......... 49% 87.2M 0s
Sep 25 03:37:47 ip-172-31-30-158 [eb-cfn-init]: 13000K .......... .......... .......... .......... .......... 49% 90.5M 0s
Sep 25 03:37:47 ip-172-31-30-158 [eb-cfn-init]: 13050K .......... .......... .......... .......... .......... 50% 95.5M 0s
Sep 25 03:37:47 ip-172-31-30-158 [eb-cfn-init]: 13100K .......... .......... .......... .......... .......... 50% 86.0M 0s
Sep 25 03:37:47 ip-172-31-30-158 [eb-cfn-init]: 13150K .......... .......... .......... .......... .......... 50% 65.7M 0s
